{"time": "2026-09-28T07:48:38.273429+00:00", "event": "start", "command": ["/home/ec2-user/agentcore/cn/.venv/bin/python", "/home/ec2-user/agentcore/cn/retest.py", "retest_setup"], "cwd": "/home/ec2-user/agentcore/cn", "profile": "china", "regions": ["cn-north-1", "cn-northwest-1"], "environment": {"RETEST_RESULTS_DIR": "/home/ec2-user/agentcore/cn/results/repro-caller-confirm-20260928", "VERIFY_RESULTS_DIR": "/home/ec2-user/agentcore/cn/results/repro-caller-confirm-20260928", "RETEST_VERBOSE": "1"}, "extraEnvironment": {}}
[cn-north-1] START retest_setup.suite
[cn-northwest-1] START retest_setup.suite
[cn-north-1] START fixture.oidc.public_discovery
[cn-north-1] FAIL: fixture.oidc.public_discovery — {'type': 'AssertionError', 'message': '{\'status\': 403, \'body\': \'{"Message":null}\'}', 'traceback': 'Traceback (most recent call last):\n  File "/home/ec2-user/agentcore/cn/suite.py", line 77, in test\n    result = fn()\n             ^^^^\n  File "/home/ec2-user/agentcore/cn/retest_setup.py", line 96, in discovery\n    assert response.status_code == 200, {"status": response.status_code, "body": response.text}\n           ^^^^^^^^^^^^^^^^^^^^^^^^^^^\nAssertionError: {\'status\': 403, \'body\'
{"time": "2026-09-28T07:49:00.493153+00:00", "region": "cn-north-1", "feature": "fixture.oidc.public_discovery", "status": "FAIL", "evidence": {"type": "AssertionError", "message": "{'status': 403, 'body': '{\"Message\":null}'}", "traceback": "Traceback (most recent call last):\n  File \"/home/ec2-user/agentcore/cn/suite.py\", line 77, in test\n    result = fn()\n             ^^^^\n  File \"/home/ec2-user/agentcore/cn/retest_setup.py\", line 96, in discovery\n    assert response.status_code == 200, {\"status\": response.status_code, \"body\": response.text}\n           ^^^^^^^^^^^^^^^^^^^^^^^^^^^\nAssertionError: {'status': 403, 'body': '{\"Message\":null}'}\n"}}
[cn-north-1] START fixture.oidc.client_credentials
[cn-north-1] FAIL: fixture.oidc.client_credentials — {'type': 'AssertionError', 'message': '{\'status\': 403, \'body\': \'{"Message":null}\'}', 'traceback': 'Traceback (most recent call last):\n  File "/home/ec2-user/agentcore/cn/suite.py", line 77, in test\n    result = fn()\n             ^^^^\n  File "/home/ec2-user/agentcore/cn/retest_setup.py", line 103, in token\n    assert response.status_code==200, {"status":response.status_code,"body":response.text}\n           ^^^^^^^^^^^^^^^^^^^^^^^^^\nAssertionError: {\'status\': 403, \'body\': \'{"Mess
{"time": "2026-09-28T07:49:01.151614+00:00", "region": "cn-north-1", "feature": "fixture.oidc.client_credentials", "status": "FAIL", "evidence": {"type": "AssertionError", "message": "{'status': 403, 'body': '{\"Message\":null}'}", "traceback": "Traceback (most recent call last):\n  File \"/home/ec2-user/agentcore/cn/suite.py\", line 77, in test\n    result = fn()\n             ^^^^\n  File \"/home/ec2-user/agentcore/cn/retest_setup.py\", line 103, in token\n    assert response.status_code==200, {\"status\":response.status_code,\"body\":response.text}\n           ^^^^^^^^^^^^^^^^^^^^^^^^^\nAssertionError: {'status': 403, 'body': '{\"Message\":null}'}\n"}}
[cn-north-1] PASS: retest_setup.suite
{"time": "2026-09-28T07:49:01.152766+00:00", "region": "cn-north-1", "feature": "retest_setup.suite", "status": "PASS", "evidence": null}
[cn-northwest-1] START fixture.oidc.public_discovery
[cn-northwest-1] FAIL: fixture.oidc.public_discovery — {'type': 'AssertionError', 'message': '{\'status\': 403, \'body\': \'{"Message":null}\'}', 'traceback': 'Traceback (most recent call last):\n  File "/home/ec2-user/agentcore/cn/suite.py", line 77, in test\n    result = fn()\n             ^^^^\n  File "/home/ec2-user/agentcore/cn/retest_setup.py", line 96, in discovery\n    assert response.status_code == 200, {"status": response.status_code, "body": response.text}\n           ^^^^^^^^^^^^^^^^^^^^^^^^^^^\nAssertionError: {\'status\': 403, \'body\'
{"time": "2026-09-28T07:49:02.513793+00:00", "region": "cn-northwest-1", "feature": "fixture.oidc.public_discovery", "status": "FAIL", "evidence": {"type": "AssertionError", "message": "{'status': 403, 'body': '{\"Message\":null}'}", "traceback": "Traceback (most recent call last):\n  File \"/home/ec2-user/agentcore/cn/suite.py\", line 77, in test\n    result = fn()\n             ^^^^\n  File \"/home/ec2-user/agentcore/cn/retest_setup.py\", line 96, in discovery\n    assert response.status_code == 200, {\"status\": response.status_code, \"body\": response.text}\n           ^^^^^^^^^^^^^^^^^^^^^^^^^^^\nAssertionError: {'status': 403, 'body': '{\"Message\":null}'}\n"}}
[cn-northwest-1] START fixture.oidc.client_credentials
[cn-northwest-1] FAIL: fixture.oidc.client_credentials — {'type': 'AssertionError', 'message': '{\'status\': 403, \'body\': \'{"Message":null}\'}', 'traceback': 'Traceback (most recent call last):\n  File "/home/ec2-user/agentcore/cn/suite.py", line 77, in test\n    result = fn()\n             ^^^^\n  File "/home/ec2-user/agentcore/cn/retest_setup.py", line 103, in token\n    assert response.status_code==200, {"status":response.status_code,"body":response.text}\n           ^^^^^^^^^^^^^^^^^^^^^^^^^\nAssertionError: {\'status\': 403, \'body\': \'{"Mess
{"time": "2026-09-28T07:49:03.281619+00:00", "region": "cn-northwest-1", "feature": "fixture.oidc.client_credentials", "status": "FAIL", "evidence": {"type": "AssertionError", "message": "{'status': 403, 'body': '{\"Message\":null}'}", "traceback": "Traceback (most recent call last):\n  File \"/home/ec2-user/agentcore/cn/suite.py\", line 77, in test\n    result = fn()\n             ^^^^\n  File \"/home/ec2-user/agentcore/cn/retest_setup.py\", line 103, in token\n    assert response.status_code==200, {\"status\":response.status_code,\"body\":response.text}\n           ^^^^^^^^^^^^^^^^^^^^^^^^^\nAssertionError: {'status': 403, 'body': '{\"Message\":null}'}\n"}}
[cn-northwest-1] PASS: retest_setup.suite
{"time": "2026-09-28T07:49:03.282709+00:00", "region": "cn-northwest-1", "feature": "retest_setup.suite", "status": "PASS", "evidence": null}
{"time": "2026-09-28T07:49:03.391851+00:00", "event": "start", "command": ["/home/ec2-user/agentcore/cn/.venv/bin/python", "/home/ec2-user/agentcore/cn/retest.py", "retest_runtime"], "cwd": "/home/ec2-user/agentcore/cn", "profile": "china", "regions": ["cn-north-1", "cn-northwest-1"], "environment": {"RETEST_RESULTS_DIR": "/home/ec2-user/agentcore/cn/results/repro-caller-confirm-20260928", "VERIFY_RESULTS_DIR": "/home/ec2-user/agentcore/cn/results/repro-caller-confirm-20260928", "RETEST_VERBOSE": "1"}, "extraEnvironment": {}}
[cn-north-1] START retest_runtime.suite
[cn-northwest-1] START retest_runtime.suite
[cn-north-1] WAIT status=CREATING elapsed=0.3s
[cn-northwest-1] WAIT status=CREATING elapsed=0.3s
[cn-north-1] WAIT status=READY elapsed=3.5s
[cn-northwest-1] WAIT status=READY elapsed=3.6s
[cn-north-1] START gateway.runtime.fixture_create
[cn-northwest-1] START gateway.runtime.fixture_create
[cn-north-1] PASS: gateway.runtime.fixture_create
{"time": "2026-09-28T07:49:11.064499+00:00", "region": "cn-north-1", "feature": "gateway.runtime.fixture_create", "status": "PASS", "evidence": {"ResponseMetadata": {"RequestId": "74fcb50e-f798-4510-816e-4714d926969e", "HTTPStatusCode": 202, "HTTPHeaders": {"date": "Mon, 28 Sep 2026 07:49:10 GMT", "content-type": "application/json", "content-length": "444", "connection": "keep-alive", "x-amzn-requestid": "74fcb50e-f798-4510-816e-4714d926969e", "x-amz-apigw-id": "EZlOhEKNBTIEQxw=", "x-amzn-trace-id": "Root=1-6aba1bf6-1198f20d35c8c4cc0a738e17"}, "RetryAttempts": 0}, "agentRuntimeArn": "arn:aws-cn:bedrock-agentcore:cn-north-1:209915754514:runtime/ac_cn_0928074838_bj-x7XVnyE5Al", "workloadIdentityDetails": {"workloadIdentityArn": "arn:aws-cn:bedrock-agentcore:cn-north-1:209915754514:workload-identity-directory/default/workload-identity/ac_cn_0928074838_bj-x7XVnyE5Al"}, "agentRuntimeId": "ac_cn_0928074838_bj-x7XVnyE5Al", "agentRuntimeVersion": "1", "createdAt": "2026-09-28 07:49:10.567619+00:00", "status": "CREATING"}}
[cn-north-1] START gateway.runtime.fixture_ready
[cn-north-1] WAIT status=CREATING elapsed=0.3s
[cn-northwest-1] PASS: gateway.runtime.fixture_create
{"time": "2026-09-28T07:49:11.753157+00:00", "region": "cn-northwest-1", "feature": "gateway.runtime.fixture_create", "status": "PASS", "evidence": {"ResponseMetadata": {"RequestId": "7d923300-afd8-4327-b201-80c0c883b622", "HTTPStatusCode": 202, "HTTPHeaders": {"date": "Mon, 28 Sep 2026 07:49:11 GMT", "content-type": "application/json", "content-length": "452", "connection": "keep-alive", "x-amzn-requestid": "7d923300-afd8-4327-b201-80c0c883b622", "x-amz-apigw-id": "EZlOrHbA5PgETyA=", "x-amzn-trace-id": "Root=1-6aba1bf7-06d5e70f5a6b6d4f0f027441"}, "RetryAttempts": 0}, "agentRuntimeArn": "arn:aws-cn:bedrock-agentcore:cn-northwest-1:209915754514:runtime/ac_cn_0928074838_nx-7YJ7hK4XgG", "workloadIdentityDetails": {"workloadIdentityArn": "arn:aws-cn:bedrock-agentcore:cn-northwest-1:209915754514:workload-identity-directory/default/workload-identity/ac_cn_0928074838_nx-7YJ7hK4XgG"}, "agentRuntimeId": "ac_cn_0928074838_nx-7YJ7hK4XgG", "agentRuntimeVersion": "1", "createdAt": "2026-09-28 07:49:11.268001+00:00", "status": "CREATING"}}
[cn-northwest-1] START gateway.runtime.fixture_ready
[cn-northwest-1] WAIT status=CREATING elapsed=0.3s
[cn-north-1] WAIT status=CREATING elapsed=33.0s
[cn-northwest-1] WAIT status=CREATING elapsed=33.4s
[cn-north-1] WAIT status=CREATING elapsed=65.8s
[cn-northwest-1] WAIT status=CREATING elapsed=66.4s
[cn-north-1] WAIT status=CREATING elapsed=98.5s
[cn-northwest-1] WAIT status=CREATING elapsed=99.4s
[cn-north-1] WAIT status=CREATING elapsed=131.3s
[cn-northwest-1] WAIT status=CREATING elapsed=132.5s
[cn-north-1] WAIT status=CREATING elapsed=164.1s
[cn-northwest-1] WAIT status=CREATING elapsed=165.4s
[cn-north-1] WAIT status=CREATING elapsed=196.8s
[cn-northwest-1] WAIT status=CREATING elapsed=198.4s
[cn-northwest-1] WAIT status=READY elapsed=221.5s
[cn-northwest-1] PASS: gateway.runtime.fixture_ready
{"time": "2026-09-28T07:52:53.204319+00:00", "region": "cn-northwest-1", "feature": "gateway.runtime.fixture_ready", "status": "PASS", "evidence": {"ResponseMetadata": {"RequestId": "9013c179-7ba2-4a9a-afe8-677a1f1db894", "HTTPStatusCode": 200, "HTTPHeaders": {"date": "Mon, 28 Sep 2026 07:52:53 GMT", "content-type": "application/json", "content-length": "1087", "connection": "keep-alive", "x-amzn-requestid": "9013c179-7ba2-4a9a-afe8-677a1f1db894", "x-amz-apigw-id": "EZlxXHQ0ZPgEHbg=", "x-amzn-trace-id": "Root=1-6aba1cd5-58daba2e28aaa769062b21bc"}, "RetryAttempts": 0}, "agentRuntimeArn": "arn:aws-cn:bedrock-agentcore:cn-northwest-1:209915754514:runtime/ac_cn_0928074838_nx-7YJ7hK4XgG", "agentRuntimeName": "ac_cn_0928074838_nx", "agentRuntimeId": "ac_cn_0928074838_nx-7YJ7hK4XgG", "agentRuntimeVersion": "1", "createdAt": "2026-09-28 07:49:11.268001+00:00", "lastUpdatedAt": "2026-09-28 07:52:51.034625+00:00", "roleArn": "arn:aws-cn:iam::209915754514:role/ac-cn-0928074838-nx-agentcore", "networkConfiguration": {"networkMode": "PUBLIC"}, "status": "READY", "lifecycleConfiguration": {"idleRuntimeSessionTimeout": 900, "maxLifetime": 28800}, "workloadIdentityDetails": {"workloadIdentityArn": "arn:aws-cn:bedrock-agentcore:cn-northwest-1:209915754514:workload-identity-directory/default/workload-identity/ac_cn_0928074838_nx-7YJ7hK4XgG"}, "agentRuntimeArtifact": {"codeConfiguration": {"code": {"s3": {"bucket": "ac-cn-0928074838-nx-209915754514", "prefix": "runtime.zip"}}, "runtime": "PYTHON_3_12", "entryPoint": ["app.py"]}}, "protocolConfiguration": {"serverProtocol": "HTTP"}, "metadataConfiguration": {"requireMMDSV2": true}, "platformVersion": "V2"}}
[cn-north-1] WAIT status=READY elapsed=223.0s
[cn-north-1] PASS: gateway.runtime.fixture_ready
{"time": "2026-09-28T07:52:54.066145+00:00", "region": "cn-north-1", "feature": "gateway.runtime.fixture_ready", "status": "PASS", "evidence": {"ResponseMetadata": {"RequestId": "57e0dbb1-5966-42f8-af7f-93fed18009f1", "HTTPStatusCode": 200, "HTTPHeaders": {"date": "Mon, 28 Sep 2026 07:52:53 GMT", "content-type": "application/json", "content-length": "1079", "connection": "keep-alive", "x-amzn-requestid": "57e0dbb1-5966-42f8-af7f-93fed18009f1", "x-amz-apigw-id": "EZlxfECphTIETew=", "x-amzn-trace-id": "Root=1-6aba1cd5-61e311794f6df3fb342933a8"}, "RetryAttempts": 0}, "agentRuntimeArn": "arn:aws-cn:bedrock-agentcore:cn-north-1:209915754514:runtime/ac_cn_0928074838_bj-x7XVnyE5Al", "agentRuntimeName": "ac_cn_0928074838_bj", "agentRuntimeId": "ac_cn_0928074838_bj-x7XVnyE5Al", "agentRuntimeVersion": "1", "createdAt": "2026-09-28 07:49:10.567619+00:00", "lastUpdatedAt": "2026-09-28 07:52:50.709811+00:00", "roleArn": "arn:aws-cn:iam::209915754514:role/ac-cn-0928074838-bj-agentcore", "networkConfiguration": {"networkMode": "PUBLIC"}, "status": "READY", "lifecycleConfiguration": {"idleRuntimeSessionTimeout": 900, "maxLifetime": 28800}, "workloadIdentityDetails": {"workloadIdentityArn": "arn:aws-cn:bedrock-agentcore:cn-north-1:209915754514:workload-identity-directory/default/workload-identity/ac_cn_0928074838_bj-x7XVnyE5Al"}, "agentRuntimeArtifact": {"codeConfiguration": {"code": {"s3": {"bucket": "ac-cn-0928074838-bj-209915754514", "prefix": "runtime.zip"}}, "runtime": "PYTHON_3_12", "entryPoint": ["app.py"]}}, "protocolConfiguration": {"serverProtocol": "HTTP"}, "metadataConfiguration": {"requireMMDSV2": true}, "platformVersion": "V2"}}
[cn-northwest-1] START gateway.runtime.runtime-role.target
[cn-northwest-1] WAIT status=CREATING elapsed=0.3s
[cn-north-1] START gateway.runtime.runtime-role.target
[cn-north-1] WAIT status=CREATING elapsed=0.3s
[cn-northwest-1] WAIT status=READY elapsed=3.7s
[cn-northwest-1] PASS: gateway.runtime.runtime-role.target
{"time": "2026-09-28T07:52:58.449803+00:00", "region": "cn-northwest-1", "feature": "gateway.runtime.runtime-role.target", "status": "PASS", "evidence": {"ResponseMetadata": {"RequestId": "e9267eba-c688-4d37-99dc-cc83650aa846", "HTTPStatusCode": 200, "HTTPHeaders": {"date": "Mon, 28 Sep 2026 07:52:58 GMT", "content-type": "application/json", "content-length": "533", "connection": "keep-alive", "x-amzn-requestid": "e9267eba-c688-4d37-99dc-cc83650aa846", "x-amz-apigw-id": "EZlyLEBG5PgEEqg=", "x-amzn-trace-id": "Root=1-6aba1cda-6ac0f6c24c221a1d468e2328"}, "RetryAttempts": 0}, "gatewayArn": "arn:aws-cn:bedrock-agentcore:cn-northwest-1:209915754514:gateway/ac-cn-0928074838-nx-http-upuvqmwjcq", "targetId": "M2NIB5Q2U3", "createdAt": "2026-09-28 07:52:54.631539+00:00", "updatedAt": "2026-09-28 07:52:55.416847+00:00", "status": "READY", "name": "runtime-role", "targetConfiguration": {"http": {"agentcoreRuntime": {"arn": "arn:aws-cn:bedrock-agentcore:cn-northwest-1:209915754514:runtime/ac_cn_0928074838_nx-7YJ7hK4XgG", "qualifier": "DEFAULT"}}}, "credentialProviderConfigurations": [{"credentialProviderType": "GATEWAY_IAM_ROLE"}]}}
[cn-northwest-1] START gateway.runtime.role_invocation
[cn-north-1] WAIT status=READY elapsed=3.6s
[cn-north-1] PASS: gateway.runtime.runtime-role.target
{"time": "2026-09-28T07:52:59.135891+00:00", "region": "cn-north-1", "feature": "gateway.runtime.runtime-role.target", "status": "PASS", "evidence": {"ResponseMetadata": {"RequestId": "ae8d1ecf-03d9-4100-b233-f7d3a4f29d51", "HTTPStatusCode": 200, "HTTPHeaders": {"date": "Mon, 28 Sep 2026 07:52:59 GMT", "content-type": "application/json", "content-length": "525", "connection": "keep-alive", "x-amzn-requestid": "ae8d1ecf-03d9-4100-b233-f7d3a4f29d51", "x-amz-apigw-id": "EZlySHZTBTIEfnw=", "x-amzn-trace-id": "Root=1-6aba1cda-13dc9c2965fb1dc507eaf1b9"}, "RetryAttempts": 0}, "gatewayArn": "arn:aws-cn:bedrock-agentcore:cn-north-1:209915754514:gateway/ac-cn-0928074838-bj-http-ec5rg6erhx", "targetId": "T62YSNX4TN", "createdAt": "2026-09-28 07:52:55.387663+00:00", "updatedAt": "2026-09-28 07:52:56.178672+00:00", "status": "READY", "name": "runtime-role", "targetConfiguration": {"http": {"agentcoreRuntime": {"arn": "arn:aws-cn:bedrock-agentcore:cn-north-1:209915754514:runtime/ac_cn_0928074838_bj-x7XVnyE5Al", "qualifier": "DEFAULT"}}}, "credentialProviderConfigurations": [{"credentialProviderType": "GATEWAY_IAM_ROLE"}]}}
[cn-north-1] START gateway.runtime.role_invocation
[cn-northwest-1] PASS: gateway.runtime.role_invocation
{"time": "2026-09-28T07:53:01.322807+00:00", "region": "cn-northwest-1", "feature": "gateway.runtime.role_invocation", "status": "PASS", "evidence": {"status": 200, "body": {"sum": 42, "runtime": "gateway-fixture", "region": "cn-northwest-1"}}}
[cn-northwest-1] START gateway.runtime.runtime-caller.target
[cn-north-1] PASS: gateway.runtime.role_invocation
{"time": "2026-09-28T07:53:02.058278+00:00", "region": "cn-north-1", "feature": "gateway.runtime.role_invocation", "status": "PASS", "evidence": {"status": 200, "body": {"sum": 42, "runtime": "gateway-fixture", "region": "cn-north-1"}}}
[cn-north-1] START gateway.runtime.runtime-caller.target
[cn-northwest-1] WAIT status=CREATING elapsed=0.4s
[cn-north-1] WAIT status=CREATING elapsed=0.3s
[cn-northwest-1] WAIT status=READY elapsed=3.7s
[cn-northwest-1] PASS: gateway.runtime.runtime-caller.target
{"time": "2026-09-28T07:53:05.444810+00:00", "region": "cn-northwest-1", "feature": "gateway.runtime.runtime-caller.target", "status": "PASS", "evidence": {"ResponseMetadata": {"RequestId": "d07e953d-8415-4323-8749-728fb4cc72f7", "HTTPStatusCode": 200, "HTTPHeaders": {"date": "Mon, 28 Sep 2026 07:53:05 GMT", "content-type": "application/json", "content-length": "541", "connection": "keep-alive", "x-amzn-requestid": "d07e953d-8415-4323-8749-728fb4cc72f7", "x-amz-apigw-id": "EZlzRHc35PgEmOw=", "x-amzn-trace-id": "Root=1-6aba1ce1-593a23536ee405ac4ebee49c"}, "RetryAttempts": 0}, "gatewayArn": "arn:aws-cn:bedrock-agentcore:cn-northwest-1:209915754514:gateway/ac-cn-0928074838-nx-http-upuvqmwjcq", "targetId": "SULNJHGUPN", "createdAt": "2026-09-28 07:53:01.612664+00:00", "updatedAt": "2026-09-28 07:53:02.641325+00:00", "status": "READY", "name": "runtime-caller", "targetConfiguration": {"http": {"agentcoreRuntime": {"arn": "arn:aws-cn:bedrock-agentcore:cn-northwest-1:209915754514:runtime/ac_cn_0928074838_nx-7YJ7hK4XgG", "qualifier": "DEFAULT"}}}, "credentialProviderConfigurations": [{"credentialProviderType": "CALLER_IAM_CREDENTIALS"}]}}
[cn-northwest-1] START gateway.outbound.caller_iam
[cn-north-1] WAIT status=READY elapsed=3.6s
[cn-north-1] PASS: gateway.runtime.runtime-caller.target
{"time": "2026-09-28T07:53:06.065709+00:00", "region": "cn-north-1", "feature": "gateway.runtime.runtime-caller.target", "status": "PASS", "evidence": {"ResponseMetadata": {"RequestId": "f999d0da-be17-4db5-bf39-a073bb7dcace", "HTTPStatusCode": 200, "HTTPHeaders": {"date": "Mon, 28 Sep 2026 07:53:05 GMT", "content-type": "application/json", "content-length": "533", "connection": "keep-alive", "x-amzn-requestid": "f999d0da-be17-4db5-bf39-a073bb7dcace", "x-amz-apigw-id": "EZlzXG06BTIEHoA=", "x-amzn-trace-id": "Root=1-6aba1ce1-33d93bb8729d348c20764f51"}, "RetryAttempts": 0}, "gatewayArn": "arn:aws-cn:bedrock-agentcore:cn-north-1:209915754514:gateway/ac-cn-0928074838-bj-http-ec5rg6erhx", "targetId": "8HGKBJOEC5", "createdAt": "2026-09-28 07:53:02.315826+00:00", "updatedAt": "2026-09-28 07:53:03.108083+00:00", "status": "READY", "name": "runtime-caller", "targetConfiguration": {"http": {"agentcoreRuntime": {"arn": "arn:aws-cn:bedrock-agentcore:cn-north-1:209915754514:runtime/ac_cn_0928074838_bj-x7XVnyE5Al", "qualifier": "DEFAULT"}}}, "credentialProviderConfigurations": [{"credentialProviderType": "CALLER_IAM_CREDENTIALS"}]}}
[cn-north-1] START gateway.outbound.caller_iam
[cn-northwest-1] FAIL: gateway.outbound.caller_iam — {'type': 'AssertionError', 'message': '{\'status\': 403, \'body\': \'{"message":"The security token included in the request is invalid"}\'}', 'traceback': 'Traceback (most recent call last):\n  File "/home/ec2-user/agentcore/cn/suite.py", line 77, in test\n    result = fn()\n             ^^^^\n  File "/home/ec2-user/agentcore/cn/runtime_gateway_tests.py", line 75, in invoke\n    assert r.status_code == 200, {"status": r.status_code, "body": r.text[:1500]}\n           ^^^^^^^^^^^^^^^^^^^^\nAssert
{"time": "2026-09-28T07:53:07.271322+00:00", "region": "cn-northwest-1", "feature": "gateway.outbound.caller_iam", "status": "FAIL", "evidence": {"type": "AssertionError", "message": "{'status': 403, 'body': '{\"message\":\"The security token included in the request is invalid\"}'}", "traceback": "Traceback (most recent call last):\n  File \"/home/ec2-user/agentcore/cn/suite.py\", line 77, in test\n    result = fn()\n             ^^^^\n  File \"/home/ec2-user/agentcore/cn/runtime_gateway_tests.py\", line 75, in invoke\n    assert r.status_code == 200, {\"status\": r.status_code, \"body\": r.text[:1500]}\n           ^^^^^^^^^^^^^^^^^^^^\nAssertionError: {'status': 403, 'body': '{\"message\":\"The security token included in the request is invalid\"}'}\n"}}
[cn-north-1] FAIL: gateway.outbound.caller_iam — {'type': 'AssertionError', 'message': '{\'status\': 403, \'body\': \'{"message":"The security token included in the request is invalid"}\'}', 'traceback': 'Traceback (most recent call last):\n  File "/home/ec2-user/agentcore/cn/suite.py", line 77, in test\n    result = fn()\n             ^^^^\n  File "/home/ec2-user/agentcore/cn/runtime_gateway_tests.py", line 75, in invoke\n    assert r.status_code == 200, {"status": r.status_code, "body": r.text[:1500]}\n           ^^^^^^^^^^^^^^^^^^^^\nAssert
{"time": "2026-09-28T07:53:07.677534+00:00", "region": "cn-north-1", "feature": "gateway.outbound.caller_iam", "status": "FAIL", "evidence": {"type": "AssertionError", "message": "{'status': 403, 'body': '{\"message\":\"The security token included in the request is invalid\"}'}", "traceback": "Traceback (most recent call last):\n  File \"/home/ec2-user/agentcore/cn/suite.py\", line 77, in test\n    result = fn()\n             ^^^^\n  File \"/home/ec2-user/agentcore/cn/runtime_gateway_tests.py\", line 75, in invoke\n    assert r.status_code == 200, {\"status\": r.status_code, \"body\": r.text[:1500]}\n           ^^^^^^^^^^^^^^^^^^^^\nAssertionError: {'status': 403, 'body': '{\"message\":\"The security token included in the request is invalid\"}'}\n"}}
[cn-northwest-1] START gateway.caller_iam.assumed_role.direct
[cn-north-1] START gateway.caller_iam.assumed_role.direct
[cn-northwest-1] PASS: gateway.caller_iam.assumed_role.direct
{"time": "2026-09-28T07:53:21.442862+00:00", "region": "cn-northwest-1", "feature": "gateway.caller_iam.assumed_role.direct", "status": "PASS", "evidence": {"body": {"sum": 42, "runtime": "gateway-fixture", "region": "cn-northwest-1"}, "requestId": "5d1c19e0-799a-464e-9a0f-0a5c9c23c5f1", "credentials": "AssumeRole"}}
[cn-northwest-1] START gateway.caller_iam.AWS_IAM.configuration
[cn-north-1] PASS: gateway.caller_iam.assumed_role.direct
{"time": "2026-09-28T07:53:21.875375+00:00", "region": "cn-north-1", "feature": "gateway.caller_iam.assumed_role.direct", "status": "PASS", "evidence": {"body": {"sum": 42, "runtime": "gateway-fixture", "region": "cn-north-1"}, "requestId": "fc2cdf2a-b94e-4b28-a92e-f19cca436009", "credentials": "AssumeRole"}}
[cn-north-1] START gateway.caller_iam.AWS_IAM.configuration
[cn-northwest-1] WAIT status=READY elapsed=0.3s
[cn-northwest-1] PASS: gateway.caller_iam.AWS_IAM.configuration
{"time": "2026-09-28T07:53:22.020213+00:00", "region": "cn-northwest-1", "feature": "gateway.caller_iam.AWS_IAM.configuration", "status": "PASS", "evidence": {"ResponseMetadata": {"RequestId": "1b38bbd3-b16a-4f5d-80dd-a08f486edf4b", "HTTPStatusCode": 200, "HTTPHeaders": {"date": "Mon, 28 Sep 2026 07:53:21 GMT", "content-type": "application/json", "content-length": "752", "connection": "keep-alive", "x-amzn-requestid": "1b38bbd3-b16a-4f5d-80dd-a08f486edf4b", "x-amz-apigw-id": "EZl13GoH5PgEIHA=", "x-amzn-trace-id": "Root=1-6aba1cf1-0778d48d56e655183cd3784a"}, "RetryAttempts": 0}, "gatewayArn": "arn:aws-cn:bedrock-agentcore:cn-northwest-1:209915754514:gateway/ac-cn-0928074838-nx-http-upuvqmwjcq", "gatewayId": "ac-cn-0928074838-nx-http-upuvqmwjcq", "gatewayUrl": "https://ac-cn-0928074838-nx-http-upuvqmwjcq.gateway.bedrock-agentcore.cn-northwest-1.amazonaws.com.cn", "createdAt": "2026-09-28 07:49:05.571776+00:00", "updatedAt": "2026-09-28 07:49:06.104224+00:00", "status": "READY", "name": "ac-cn-0928074838-nx-http", "roleArn": "arn:aws-cn:iam::209915754514:role/ac-cn-0928074838-nx-agentcore", "authorizerType": "AWS_IAM", "workloadIdentityDetails": {"workloadIdentityArn": "arn:aws-cn:bedrock-agentcore:cn-northwest-1:209915754514:workload-identity-directory/default/workload-identity/ac-cn-0928074838-nx-http-upuvqmwjcq"}, "exceptionLevel": "DEBUG"}}
[cn-northwest-1] START gateway.caller_iam.AWS_IAM.runtime-role
[cn-north-1] WAIT status=READY elapsed=0.2s
[cn-north-1] PASS: gateway.caller_iam.AWS_IAM.configuration
{"time": "2026-09-28T07:53:22.378227+00:00", "region": "cn-north-1", "feature": "gateway.caller_iam.AWS_IAM.configuration", "status": "PASS", "evidence": {"ResponseMetadata": {"RequestId": "73ff0cbd-9243-4585-bee0-d32970a3e4d3", "HTTPStatusCode": 200, "HTTPHeaders": {"date": "Mon, 28 Sep 2026 07:53:22 GMT", "content-type": "application/json", "content-length": "740", "connection": "keep-alive", "x-amzn-requestid": "73ff0cbd-9243-4585-bee0-d32970a3e4d3", "x-amz-apigw-id": "EZl17GMvhTIEZww=", "x-amzn-trace-id": "Root=1-6aba1cf2-3a0553982a5c725e6745a2e9"}, "RetryAttempts": 0}, "gatewayArn": "arn:aws-cn:bedrock-agentcore:cn-north-1:209915754514:gateway/ac-cn-0928074838-bj-http-ec5rg6erhx", "gatewayId": "ac-cn-0928074838-bj-http-ec5rg6erhx", "gatewayUrl": "https://ac-cn-0928074838-bj-http-ec5rg6erhx.gateway.bedrock-agentcore.cn-north-1.amazonaws.com.cn", "createdAt": "2026-09-28 07:49:05.304607+00:00", "updatedAt": "2026-09-28 07:49:06.124484+00:00", "status": "READY", "name": "ac-cn-0928074838-bj-http", "roleArn": "arn:aws-cn:iam::209915754514:role/ac-cn-0928074838-bj-agentcore", "authorizerType": "AWS_IAM", "workloadIdentityDetails": {"workloadIdentityArn": "arn:aws-cn:bedrock-agentcore:cn-north-1:209915754514:workload-identity-directory/default/workload-identity/ac-cn-0928074838-bj-http-ec5rg6erhx"}, "exceptionLevel": "DEBUG"}}
[cn-north-1] START gateway.caller_iam.AWS_IAM.runtime-role
[cn-northwest-1] PASS: gateway.caller_iam.AWS_IAM.runtime-role
{"time": "2026-09-28T07:53:25.074461+00:00", "region": "cn-northwest-1", "feature": "gateway.caller_iam.AWS_IAM.runtime-role", "status": "PASS", "evidence": {"status": 200, "body": "{\"sum\": 42, \"runtime\": \"gateway-fixture\", \"region\": \"cn-northwest-1\"}", "requestId": "be1a84cf-d5ba-45e7-a388-446f7e90cce4, d88595d2-c9e1-43d0-9c93-c9cda37b8277", "credentials": "AssumeRole", "inbound": "AWS_IAM", "outbound": "runtime-role"}}
[cn-northwest-1] START gateway.caller_iam.AWS_IAM.runtime-caller
[cn-north-1] PASS: gateway.caller_iam.AWS_IAM.runtime-role
{"time": "2026-09-28T07:53:25.506461+00:00", "region": "cn-north-1", "feature": "gateway.caller_iam.AWS_IAM.runtime-role", "status": "PASS", "evidence": {"status": 200, "body": "{\"sum\": 42, \"runtime\": \"gateway-fixture\", \"region\": \"cn-north-1\"}", "requestId": "e9d13319-d067-45d0-b1ce-97ce811b3a6d, ece3ba84-d4fa-4606-ba06-d7b32591bc45", "credentials": "AssumeRole", "inbound": "AWS_IAM", "outbound": "runtime-role"}}
[cn-north-1] START gateway.caller_iam.AWS_IAM.runtime-caller
[cn-northwest-1] FAIL: gateway.caller_iam.AWS_IAM.runtime-caller — {'type': 'AssertionError', 'message': '{\'status\': 403, \'body\': \'{"message":"The security token included in the request is invalid"}\', \'requestId\': \'111ed982-323f-48c4-9172-261d603fa4f9, 8a7e6d72-0771-493d-b84f-ff8856c2c206\', \'credentials\': \'AssumeRole\', \'inbound\': \'AWS_IAM\', \'outbound\': \'runtime-caller\'}', 'traceback': 'Traceback (most recent call last):\n  File "/home/ec2-user/agentcore/cn/suite.py", line 77, in test\n    result = fn()\n             ^^^^\n  File "/home/ec2
{"time": "2026-09-28T07:53:26.223349+00:00", "region": "cn-northwest-1", "feature": "gateway.caller_iam.AWS_IAM.runtime-caller", "status": "FAIL", "evidence": {"type": "AssertionError", "message": "{'status': 403, 'body': '{\"message\":\"The security token included in the request is invalid\"}', 'requestId': '111ed982-323f-48c4-9172-261d603fa4f9, 8a7e6d72-0771-493d-b84f-ff8856c2c206', 'credentials': 'AssumeRole', 'inbound': 'AWS_IAM', 'outbound': 'runtime-caller'}", "traceback": "Traceback (most recent call last):\n  File \"/home/ec2-user/agentcore/cn/suite.py\", line 77, in test\n    result = fn()\n             ^^^^\n  File \"/home/ec2-user/agentcore/cn/retest_runtime.py\", line 53, in invoke\n    assert response.status_code==200,evidence\n           ^^^^^^^^^^^^^^^^^^^^^^^^^\nAssertionError: {'status': 403, 'body': '{\"message\":\"The security token included in the request is invalid\"}', 'requestId': '111ed982-323f-48c4-9172-261d603fa4f9, 8a7e6d72-0771-493d-b84f-ff8856c2c206', 'credentials': 'AssumeRole', 'inbound': 'AWS_IAM', 'outbound': 'runtime-caller'}\n"}}
[cn-northwest-1] START gateway.caller_iam.AUTHENTICATE_ONLY.configuration
[cn-north-1] FAIL: gateway.caller_iam.AWS_IAM.runtime-caller — {'type': 'AssertionError', 'message': '{\'status\': 403, \'body\': \'{"message":"The security token included in the request is invalid"}\', \'requestId\': \'a4fc4263-eebc-45eb-a110-ac09e6f4696b, b5a76bf2-31cf-40c9-8a4e-b8b30caa58c0\', \'credentials\': \'AssumeRole\', \'inbound\': \'AWS_IAM\', \'outbound\': \'runtime-caller\'}', 'traceback': 'Traceback (most recent call last):\n  File "/home/ec2-user/agentcore/cn/suite.py", line 77, in test\n    result = fn()\n             ^^^^\n  File "/home/ec2
{"time": "2026-09-28T07:53:26.572784+00:00", "region": "cn-north-1", "feature": "gateway.caller_iam.AWS_IAM.runtime-caller", "status": "FAIL", "evidence": {"type": "AssertionError", "message": "{'status': 403, 'body': '{\"message\":\"The security token included in the request is invalid\"}', 'requestId': 'a4fc4263-eebc-45eb-a110-ac09e6f4696b, b5a76bf2-31cf-40c9-8a4e-b8b30caa58c0', 'credentials': 'AssumeRole', 'inbound': 'AWS_IAM', 'outbound': 'runtime-caller'}", "traceback": "Traceback (most recent call last):\n  File \"/home/ec2-user/agentcore/cn/suite.py\", line 77, in test\n    result = fn()\n             ^^^^\n  File \"/home/ec2-user/agentcore/cn/retest_runtime.py\", line 53, in invoke\n    assert response.status_code==200,evidence\n           ^^^^^^^^^^^^^^^^^^^^^^^^^\nAssertionError: {'status': 403, 'body': '{\"message\":\"The security token included in the request is invalid\"}', 'requestId': 'a4fc4263-eebc-45eb-a110-ac09e6f4696b, b5a76bf2-31cf-40c9-8a4e-b8b30caa58c0', 'credentials': 'AssumeRole', 'inbound': 'AWS_IAM', 'outbound': 'runtime-caller'}\n"}}
[cn-north-1] START gateway.caller_iam.AUTHENTICATE_ONLY.configuration
[cn-northwest-1] WAIT status=CREATING elapsed=0.3s
[cn-north-1] WAIT status=CREATING elapsed=0.3s
[cn-northwest-1] WAIT status=READY elapsed=3.6s
[cn-northwest-1] PASS: gateway.caller_iam.AUTHENTICATE_ONLY.configuration
{"time": "2026-09-28T07:53:30.209965+00:00", "region": "cn-northwest-1", "feature": "gateway.caller_iam.AUTHENTICATE_ONLY.configuration", "status": "PASS", "evidence": {"ResponseMetadata": {"RequestId": "cabe33a4-fbd3-4c44-b3cf-9ee4327326ea", "HTTPStatusCode": 200, "HTTPHeaders": {"date": "Mon, 28 Sep 2026 07:53:30 GMT", "content-type": "application/json", "content-length": "827", "connection": "keep-alive", "x-amzn-requestid": "cabe33a4-fbd3-4c44-b3cf-9ee4327326ea", "x-amz-apigw-id": "EZl3JHtpZPgEMWg=", "x-amzn-trace-id": "Root=1-6aba1cfa-4b1e6e090a03d00d5772cba4"}, "RetryAttempts": 0}, "gatewayArn": "arn:aws-cn:bedrock-agentcore:cn-northwest-1:209915754514:gateway/ac-cn-0928074838-nx-authenticate-only-dpvyoe7q7y", "gatewayId": "ac-cn-0928074838-nx-authenticate-only-dpvyoe7q7y", "gatewayUrl": "https://ac-cn-0928074838-nx-authenticate-only-dpvyoe7q7y.gateway.bedrock-agentcore.cn-northwest-1.amazonaws.com.cn", "createdAt": "2026-09-28 07:53:26.476981+00:00", "updatedAt": "2026-09-28 07:53:26.928499+00:00", "status": "READY", "name": "ac-cn-0928074838-nx-authenticate-only", "roleArn": "arn:aws-cn:iam::209915754514:role/ac-cn-0928074838-nx-agentcore", "authorizerType": "AUTHENTICATE_ONLY", "workloadIdentityDetails": {"workloadIdentityArn": "arn:aws-cn:bedrock-agentcore:cn-northwest-1:209915754514:workload-identity-directory/default/workload-identity/ac-cn-0928074838-nx-authenticate-only-dpvyoe7q7y"}, "exceptionLevel": "DEBUG"}}
[cn-north-1] WAIT status=READY elapsed=3.5s
[cn-north-1] PASS: gateway.caller_iam.AUTHENTICATE_ONLY.configuration
{"time": "2026-09-28T07:53:30.465563+00:00", "region": "cn-north-1", "feature": "gateway.caller_iam.AUTHENTICATE_ONLY.configuration", "status": "PASS", "evidence": {"ResponseMetadata": {"RequestId": "9f563bb5-d4eb-45e8-a8e9-5dd133731a2f", "HTTPStatusCode": 200, "HTTPHeaders": {"date": "Mon, 28 Sep 2026 07:53:30 GMT", "content-type": "application/json", "content-length": "815", "connection": "keep-alive", "x-amzn-requestid": "9f563bb5-d4eb-45e8-a8e9-5dd133731a2f", "x-amz-apigw-id": "EZl3MHnsBTIEJSQ=", "x-amzn-trace-id": "Root=1-6aba1cfa-2bf618d50060461227479883"}, "RetryAttempts": 0}, "gatewayArn": "arn:aws-cn:bedrock-agentcore:cn-north-1:209915754514:gateway/ac-cn-0928074838-bj-authenticate-only-1izuchrybv", "gatewayId": "ac-cn-0928074838-bj-authenticate-only-1izuchrybv", "gatewayUrl": "https://ac-cn-0928074838-bj-authenticate-only-1izuchrybv.gateway.bedrock-agentcore.cn-north-1.amazonaws.com.cn", "createdAt": "2026-09-28 07:53:26.804179+00:00", "updatedAt": "2026-09-28 07:53:27.718484+00:00", "status": "READY", "name": "ac-cn-0928074838-bj-authenticate-only", "roleArn": "arn:aws-cn:iam::209915754514:role/ac-cn-0928074838-bj-agentcore", "authorizerType": "AUTHENTICATE_ONLY", "workloadIdentityDetails": {"workloadIdentityArn": "arn:aws-cn:bedrock-agentcore:cn-north-1:209915754514:workload-identity-directory/default/workload-identity/ac-cn-0928074838-bj-authenticate-only-1izuchrybv"}, "exceptionLevel": "DEBUG"}}
[cn-northwest-1] WAIT status=CREATING elapsed=0.3s
[cn-north-1] WAIT status=CREATING elapsed=0.3s
[cn-northwest-1] WAIT status=READY elapsed=3.7s
[cn-northwest-1] START gateway.caller_iam.AUTHENTICATE_ONLY.runtime-role
[cn-north-1] WAIT status=READY elapsed=3.6s
[cn-north-1] START gateway.caller_iam.AUTHENTICATE_ONLY.runtime-role
[cn-northwest-1] PASS: gateway.caller_iam.AUTHENTICATE_ONLY.runtime-role
{"time": "2026-09-28T07:53:37.116554+00:00", "region": "cn-northwest-1", "feature": "gateway.caller_iam.AUTHENTICATE_ONLY.runtime-role", "status": "PASS", "evidence": {"status": 200, "body": "{\"sum\": 42, \"runtime\": \"gateway-fixture\", \"region\": \"cn-northwest-1\"}", "requestId": "ccfddd44-16d2-424e-8b95-09b7c8d4ff10, 713feaeb-a150-4181-8f5f-0880990fa2ab", "credentials": "AssumeRole", "inbound": "AUTHENTICATE_ONLY", "outbound": "runtime-role"}}
[cn-north-1] PASS: gateway.caller_iam.AUTHENTICATE_ONLY.runtime-role
{"time": "2026-09-28T07:53:37.527058+00:00", "region": "cn-north-1", "feature": "gateway.caller_iam.AUTHENTICATE_ONLY.runtime-role", "status": "PASS", "evidence": {"status": 200, "body": "{\"sum\": 42, \"runtime\": \"gateway-fixture\", \"region\": \"cn-north-1\"}", "requestId": "fd334d81-704a-4f19-8fa1-11eb5b291d39, 22306f7c-6dc8-48d6-ad7a-2f698dbf1680", "credentials": "AssumeRole", "inbound": "AUTHENTICATE_ONLY", "outbound": "runtime-role"}}
[cn-north-1] WAIT status=CREATING elapsed=0.3s
[cn-northwest-1] WAIT status=CREATING elapsed=0.8s
[cn-north-1] WAIT status=READY elapsed=3.6s
[cn-north-1] START gateway.caller_iam.AUTHENTICATE_ONLY.runtime-caller
[cn-northwest-1] WAIT status=READY elapsed=4.1s
[cn-northwest-1] START gateway.caller_iam.AUTHENTICATE_ONLY.runtime-caller
[cn-north-1] FAIL: gateway.caller_iam.AUTHENTICATE_ONLY.runtime-caller — {'type': 'AssertionError', 'message': '{\'status\': 403, \'body\': \'{"message":"The security token included in the request is invalid"}\', \'requestId\': \'5b04360f-d2d3-40a2-8af0-679ef472dc66, eb685b08-2672-43b6-b3c6-c1142bd930e5\', \'credentials\': \'AssumeRole\', \'inbound\': \'AUTHENTICATE_ONLY\', \'outbound\': \'runtime-caller\'}', 'traceback': 'Traceback (most recent call last):\n  File "/home/ec2-user/agentcore/cn/suite.py", line 77, in test\n    result = fn()\n             ^^^^\n  File 
{"time": "2026-09-28T07:53:42.257388+00:00", "region": "cn-north-1", "feature": "gateway.caller_iam.AUTHENTICATE_ONLY.runtime-caller", "status": "FAIL", "evidence": {"type": "AssertionError", "message": "{'status': 403, 'body': '{\"message\":\"The security token included in the request is invalid\"}', 'requestId': '5b04360f-d2d3-40a2-8af0-679ef472dc66, eb685b08-2672-43b6-b3c6-c1142bd930e5', 'credentials': 'AssumeRole', 'inbound': 'AUTHENTICATE_ONLY', 'outbound': 'runtime-caller'}", "traceback": "Traceback (most recent call last):\n  File \"/home/ec2-user/agentcore/cn/suite.py\", line 77, in test\n    result = fn()\n             ^^^^\n  File \"/home/ec2-user/agentcore/cn/retest_runtime.py\", line 53, in invoke\n    assert response.status_code==200,evidence\n           ^^^^^^^^^^^^^^^^^^^^^^^^^\nAssertionError: {'status': 403, 'body': '{\"message\":\"The security token included in the request is invalid\"}', 'requestId': '5b04360f-d2d3-40a2-8af0-679ef472dc66, eb685b08-2672-43b6-b3c6-c1142bd930e5', 'credentials': 'AssumeRole', 'inbound': 'AUTHENTICATE_ONLY', 'outbound': 'runtime-caller'}\n"}}
[cn-north-1] PASS: retest_runtime.suite
{"time": "2026-09-28T07:53:42.259073+00:00", "region": "cn-north-1", "feature": "retest_runtime.suite", "status": "PASS", "evidence": null}
[cn-northwest-1] FAIL: gateway.caller_iam.AUTHENTICATE_ONLY.runtime-caller — {'type': 'AssertionError', 'message': '{\'status\': 403, \'body\': \'{"message":"The security token included in the request is invalid"}\', \'requestId\': \'28c41132-876a-4f4f-844b-4f5112f1300a, 84e24964-33be-4035-bcaf-39e876100eb9\', \'credentials\': \'AssumeRole\', \'inbound\': \'AUTHENTICATE_ONLY\', \'outbound\': \'runtime-caller\'}', 'traceback': 'Traceback (most recent call last):\n  File "/home/ec2-user/agentcore/cn/suite.py", line 77, in test\n    result = fn()\n             ^^^^\n  File 
{"time": "2026-09-28T07:53:42.424136+00:00", "region": "cn-northwest-1", "feature": "gateway.caller_iam.AUTHENTICATE_ONLY.runtime-caller", "status": "FAIL", "evidence": {"type": "AssertionError", "message": "{'status': 403, 'body': '{\"message\":\"The security token included in the request is invalid\"}', 'requestId': '28c41132-876a-4f4f-844b-4f5112f1300a, 84e24964-33be-4035-bcaf-39e876100eb9', 'credentials': 'AssumeRole', 'inbound': 'AUTHENTICATE_ONLY', 'outbound': 'runtime-caller'}", "traceback": "Traceback (most recent call last):\n  File \"/home/ec2-user/agentcore/cn/suite.py\", line 77, in test\n    result = fn()\n             ^^^^\n  File \"/home/ec2-user/agentcore/cn/retest_runtime.py\", line 53, in invoke\n    assert response.status_code==200,evidence\n           ^^^^^^^^^^^^^^^^^^^^^^^^^\nAssertionError: {'status': 403, 'body': '{\"message\":\"The security token included in the request is invalid\"}', 'requestId': '28c41132-876a-4f4f-844b-4f5112f1300a, 84e24964-33be-4035-bcaf-39e876100eb9', 'credentials': 'AssumeRole', 'inbound': 'AUTHENTICATE_ONLY', 'outbound': 'runtime-caller'}\n"}}
[cn-northwest-1] PASS: retest_runtime.suite
{"time": "2026-09-28T07:53:42.427728+00:00", "region": "cn-northwest-1", "feature": "retest_runtime.suite", "status": "PASS", "evidence": null}
{"time": "2026-09-28T07:53:42.545354+00:00", "event": "start", "command": ["/home/ec2-user/agentcore/cn/.venv/bin/python", "/home/ec2-user/agentcore/cn/retest.py", "caller_baseline_tests"], "cwd": "/home/ec2-user/agentcore/cn", "profile": "china", "regions": ["cn-north-1", "cn-northwest-1"], "environment": {"RETEST_RESULTS_DIR": "/home/ec2-user/agentcore/cn/results/repro-caller-confirm-20260928", "VERIFY_RESULTS_DIR": "/home/ec2-user/agentcore/cn/results/repro-caller-confirm-20260928", "RETEST_VERBOSE": "1"}, "extraEnvironment": {}}
[cn-north-1] START caller_baseline_tests.suite
[cn-northwest-1] START caller_baseline_tests.suite
[cn-north-1] START gateway.outbound.caller_iam.direct_runtime_baseline
[cn-northwest-1] START gateway.outbound.caller_iam.direct_runtime_baseline
[cn-north-1] PASS: gateway.outbound.caller_iam.direct_runtime_baseline
{"time": "2026-09-28T07:53:47.263634+00:00", "region": "cn-north-1", "feature": "gateway.outbound.caller_iam.direct_runtime_baseline", "status": "PASS", "evidence": {"temporaryCredentialsValid": true, "body": {"sum": 42, "runtime": "gateway-fixture", "region": "cn-north-1"}, "requestId": "e568e71c-ee90-46bb-8e71-d22c6cb61daa"}}
[cn-northwest-1] PASS: gateway.outbound.caller_iam.direct_runtime_baseline
{"time": "2026-09-28T07:53:47.435414+00:00", "region": "cn-northwest-1", "feature": "gateway.outbound.caller_iam.direct_runtime_baseline", "status": "PASS", "evidence": {"temporaryCredentialsValid": true, "body": {"sum": 42, "runtime": "gateway-fixture", "region": "cn-northwest-1"}, "requestId": "b30312d0-c93a-4272-8284-7d9afbdb6bfc"}}
[cn-north-1] START gateway.outbound.caller_iam.gateway_role_baseline
[cn-northwest-1] START gateway.outbound.caller_iam.gateway_role_baseline
[cn-north-1] PASS: gateway.outbound.caller_iam.gateway_role_baseline
{"time": "2026-09-28T07:53:50.936490+00:00", "region": "cn-north-1", "feature": "gateway.outbound.caller_iam.gateway_role_baseline", "status": "PASS", "evidence": {"status": 200, "body": "{\"sum\": 42, \"runtime\": \"gateway-fixture\", \"region\": \"cn-north-1\"}", "requestId": "736ff975-0a73-4552-b656-1d4d4fb23d1e, 30defd95-75be-485e-b777-5c1b6991aee7"}}
[cn-north-1] START gateway.outbound.caller_iam
[cn-northwest-1] PASS: gateway.outbound.caller_iam.gateway_role_baseline
{"time": "2026-09-28T07:53:51.284635+00:00", "region": "cn-northwest-1", "feature": "gateway.outbound.caller_iam.gateway_role_baseline", "status": "PASS", "evidence": {"status": 200, "body": "{\"sum\": 42, \"runtime\": \"gateway-fixture\", \"region\": \"cn-northwest-1\"}", "requestId": "d1acd12d-5f61-4265-8019-41da5467d119, bb0ac42e-944a-47d2-9975-9387f4565b21"}}
[cn-northwest-1] START gateway.outbound.caller_iam
[cn-north-1] FAIL: gateway.outbound.caller_iam — {'type': 'AssertionError', 'message': '{\'status\': 403, \'body\': \'{"message":"The security token included in the request is invalid"}\', \'requestId\': \'a67d4b40-641d-4e3a-9a50-f5a4247f7a27, fbde43c4-b440-4eab-97a6-8b5a028755ce\'}', 'traceback': 'Traceback (most recent call last):\n  File "/home/ec2-user/agentcore/cn/suite.py", line 77, in test\n    result = fn()\n             ^^^^\n  File "/home/ec2-user/agentcore/cn/caller_baseline_tests.py", line 41, in invoke\n    assert r.status_code ==
{"time": "2026-09-28T07:53:51.693722+00:00", "region": "cn-north-1", "feature": "gateway.outbound.caller_iam", "status": "FAIL", "evidence": {"type": "AssertionError", "message": "{'status': 403, 'body': '{\"message\":\"The security token included in the request is invalid\"}', 'requestId': 'a67d4b40-641d-4e3a-9a50-f5a4247f7a27, fbde43c4-b440-4eab-97a6-8b5a028755ce'}", "traceback": "Traceback (most recent call last):\n  File \"/home/ec2-user/agentcore/cn/suite.py\", line 77, in test\n    result = fn()\n             ^^^^\n  File \"/home/ec2-user/agentcore/cn/caller_baseline_tests.py\", line 41, in invoke\n    assert r.status_code == 200, result\n           ^^^^^^^^^^^^^^^^^^^^\nAssertionError: {'status': 403, 'body': '{\"message\":\"The security token included in the request is invalid\"}', 'requestId': 'a67d4b40-641d-4e3a-9a50-f5a4247f7a27, fbde43c4-b440-4eab-97a6-8b5a028755ce'}\n"}}
[cn-north-1] PASS: caller_baseline_tests.suite
{"time": "2026-09-28T07:53:51.695533+00:00", "region": "cn-north-1", "feature": "caller_baseline_tests.suite", "status": "PASS", "evidence": null}
[cn-northwest-1] FAIL: gateway.outbound.caller_iam — {'type': 'AssertionError', 'message': '{\'status\': 403, \'body\': \'{"message":"The security token included in the request is invalid"}\', \'requestId\': \'13c4ba9f-3242-421a-8eb3-b643992373ab, 0deb0fb1-c183-499e-a962-87aa101782d3\'}', 'traceback': 'Traceback (most recent call last):\n  File "/home/ec2-user/agentcore/cn/suite.py", line 77, in test\n    result = fn()\n             ^^^^\n  File "/home/ec2-user/agentcore/cn/caller_baseline_tests.py", line 41, in invoke\n    assert r.status_code ==
{"time": "2026-09-28T07:53:52.119725+00:00", "region": "cn-northwest-1", "feature": "gateway.outbound.caller_iam", "status": "FAIL", "evidence": {"type": "AssertionError", "message": "{'status': 403, 'body': '{\"message\":\"The security token included in the request is invalid\"}', 'requestId': '13c4ba9f-3242-421a-8eb3-b643992373ab, 0deb0fb1-c183-499e-a962-87aa101782d3'}", "traceback": "Traceback (most recent call last):\n  File \"/home/ec2-user/agentcore/cn/suite.py\", line 77, in test\n    result = fn()\n             ^^^^\n  File \"/home/ec2-user/agentcore/cn/caller_baseline_tests.py\", line 41, in invoke\n    assert r.status_code == 200, result\n           ^^^^^^^^^^^^^^^^^^^^\nAssertionError: {'status': 403, 'body': '{\"message\":\"The security token included in the request is invalid\"}', 'requestId': '13c4ba9f-3242-421a-8eb3-b643992373ab, 0deb0fb1-c183-499e-a962-87aa101782d3'}\n"}}
[cn-northwest-1] PASS: caller_baseline_tests.suite
{"time": "2026-09-28T07:53:52.121721+00:00", "region": "cn-northwest-1", "feature": "caller_baseline_tests.suite", "status": "PASS", "evidence": null}
{"time": "2026-09-28T07:53:52.227290+00:00", "event": "start", "command": ["/home/ec2-user/agentcore/cn/.venv/bin/python", "/home/ec2-user/agentcore/cn/retest.py", "cleanup_tests"], "cwd": "/home/ec2-user/agentcore/cn", "profile": "china", "regions": ["cn-north-1", "cn-northwest-1"], "environment": {"RETEST_RESULTS_DIR": "/home/ec2-user/agentcore/cn/results/repro-caller-confirm-20260928", "VERIFY_RESULTS_DIR": "/home/ec2-user/agentcore/cn/results/repro-caller-confirm-20260928", "RETEST_VERBOSE": "1"}, "extraEnvironment": {"CLEANUP_SG_WAIT_SECONDS": "20"}}
[cn-north-1] START cleanup_tests.suite
[cn-north-1] PASS: cleanup.browser_sessions
{"time": "2026-09-28T07:53:53.193004+00:00", "region": "cn-north-1", "feature": "cleanup.browser_sessions", "status": "PASS", "evidence": []}
[cn-northwest-1] START cleanup_tests.suite
[cn-northwest-1] PASS: cleanup.browser_sessions
{"time": "2026-09-28T07:53:53.231473+00:00", "region": "cn-northwest-1", "feature": "cleanup.browser_sessions", "status": "PASS", "evidence": []}
[cn-north-1] PASS: cleanup.target
{"time": "2026-09-28T07:54:09.638273+00:00", "region": "cn-north-1", "feature": "cleanup.target", "status": "PASS", "evidence": [{"id": "T62YSNX4TN", "deleted": true, "detail": {"deleted": true}}, {"id": "8HGKBJOEC5", "deleted": true, "detail": {"deleted": true}}, {"id": "2IQLXCJXBU", "deleted": true, "detail": {"deleted": true}}, {"id": "3IEEQME9FV", "deleted": true, "detail": {"deleted": true}}]}
[cn-northwest-1] PASS: cleanup.target
{"time": "2026-09-28T07:54:09.831260+00:00", "region": "cn-northwest-1", "feature": "cleanup.target", "status": "PASS", "evidence": [{"id": "M2NIB5Q2U3", "deleted": true, "detail": {"deleted": true}}, {"id": "SULNJHGUPN", "deleted": true, "detail": {"deleted": true}}, {"id": "UWTLSB2WZW", "deleted": true, "detail": {"deleted": true}}, {"id": "1UH2JRRPVX", "deleted": true, "detail": {"deleted": true}}]}
[cn-north-1] PASS: cleanup.gateway
{"time": "2026-09-28T07:54:13.481105+00:00", "region": "cn-north-1", "feature": "cleanup.gateway", "status": "PASS", "evidence": [{"id": "ac-cn-0928074838-bj-http-ec5rg6erhx", "deleted": true, "detail": {"deleted": true}}, {"id": "ac-cn-0928074838-bj-authenticate-only-1izuchrybv", "deleted": true, "detail": {"deleted": true}}]}
[cn-northwest-1] PASS: cleanup.gateway
{"time": "2026-09-28T07:54:13.733372+00:00", "region": "cn-northwest-1", "feature": "cleanup.gateway", "status": "PASS", "evidence": [{"id": "ac-cn-0928074838-nx-http-upuvqmwjcq", "deleted": true, "detail": {"deleted": true}}, {"id": "ac-cn-0928074838-nx-authenticate-only-dpvyoe7q7y", "deleted": true, "detail": {"deleted": true}}]}
[cn-north-1] PASS: cleanup.runtime
{"time": "2026-09-28T07:54:17.475996+00:00", "region": "cn-north-1", "feature": "cleanup.runtime", "status": "PASS", "evidence": [{"id": "ac_cn_0928074838_bj-x7XVnyE5Al", "deleted": true, "detail": {"deleted": true}}]}
[cn-north-1] PASS: cleanup.workload
{"time": "2026-09-28T07:54:17.734294+00:00", "region": "cn-north-1", "feature": "cleanup.workload", "status": "PASS", "evidence": [{"id": "ac-cn-0928074838-bj-http-ec5rg6erhx", "deleted": true, "detail": {"alreadyAbsent": true}}, {"id": "ac_cn_0928074838_bj-x7XVnyE5Al", "deleted": true, "detail": {"alreadyAbsent": true}}, {"id": "ac-cn-0928074838-bj-authenticate-only-1izuchrybv", "deleted": true, "detail": {"alreadyAbsent": true}}]}
[cn-northwest-1] PASS: cleanup.runtime
{"time": "2026-09-28T07:54:17.800887+00:00", "region": "cn-northwest-1", "feature": "cleanup.runtime", "status": "PASS", "evidence": [{"id": "ac_cn_0928074838_nx-7YJ7hK4XgG", "deleted": true, "detail": {"deleted": true}}]}
[cn-northwest-1] PASS: cleanup.workload
{"time": "2026-09-28T07:54:18.087077+00:00", "region": "cn-northwest-1", "feature": "cleanup.workload", "status": "PASS", "evidence": [{"id": "ac-cn-0928074838-nx-http-upuvqmwjcq", "deleted": true, "detail": {"alreadyAbsent": true}}, {"id": "ac_cn_0928074838_nx-7YJ7hK4XgG", "deleted": true, "detail": {"alreadyAbsent": true}}, {"id": "ac-cn-0928074838-nx-authenticate-only-dpvyoe7q7y", "deleted": true, "detail": {"alreadyAbsent": true}}]}
[cn-north-1] PASS: cleanup.api
{"time": "2026-09-28T07:54:21.246673+00:00", "region": "cn-north-1", "feature": "cleanup.api", "status": "PASS", "evidence": [{"id": "5mpeu89kh7", "deleted": true, "detail": {"deleted": true}}]}
[cn-northwest-1] PASS: cleanup.api
{"time": "2026-09-28T07:54:21.531156+00:00", "region": "cn-northwest-1", "feature": "cleanup.api", "status": "PASS", "evidence": [{"id": "mdxhd9p71k", "deleted": true, "detail": {"deleted": true}}]}
[cn-north-1] PASS: cleanup.lambda
{"time": "2026-09-28T07:54:22.326651+00:00", "region": "cn-north-1", "feature": "cleanup.lambda", "status": "PASS", "evidence": [{"id": "ac-cn-0928074838-bj", "deleted": true, "detail": {"deleted": true}}]}
[cn-northwest-1] PASS: cleanup.lambda
{"time": "2026-09-28T07:54:22.801654+00:00", "region": "cn-northwest-1", "feature": "cleanup.lambda", "status": "PASS", "evidence": [{"id": "ac-cn-0928074838-nx", "deleted": true, "detail": {"deleted": true}}]}
[cn-north-1] PASS: cleanup.bucket
{"time": "2026-09-28T07:54:25.094244+00:00", "region": "cn-north-1", "feature": "cleanup.bucket", "status": "PASS", "evidence": [{"id": "ac-cn-0928074838-bj-209915754514", "deleted": true, "detail": {"deleted": true}}]}
[cn-northwest-1] PASS: cleanup.bucket
{"time": "2026-09-28T07:54:26.060402+00:00", "region": "cn-northwest-1", "feature": "cleanup.bucket", "status": "PASS", "evidence": [{"id": "ac-cn-0928074838-nx-209915754514", "deleted": true, "detail": {"deleted": true}}]}
[cn-north-1] PASS: cleanup.role
{"time": "2026-09-28T07:54:27.202669+00:00", "region": "cn-north-1", "feature": "cleanup.role", "status": "PASS", "evidence": [{"id": "ac-cn-0928074838-bj-lambda", "deleted": true, "detail": {"deleted": true}}, {"id": "ac-cn-0928074838-bj-agentcore", "deleted": true, "detail": {"deleted": true}}, {"id": "ac-cn-0928074838-bj-caller", "deleted": true, "detail": {"deleted": true}}]}
[cn-northwest-1] PASS: cleanup.role
{"time": "2026-09-28T07:54:27.942872+00:00", "region": "cn-northwest-1", "feature": "cleanup.role", "status": "PASS", "evidence": [{"id": "ac-cn-0928074838-nx-lambda", "deleted": true, "detail": {"deleted": true}}, {"id": "ac-cn-0928074838-nx-agentcore", "deleted": true, "detail": {"deleted": true}}, {"id": "ac-cn-0928074838-nx-caller", "deleted": true, "detail": {"deleted": true}}]}
[cn-north-1] PASS: cleanup.inventory
{"time": "2026-09-28T07:54:28.320924+00:00", "region": "cn-north-1", "feature": "cleanup.inventory", "status": "PASS", "evidence": []}
[cn-north-1] PASS: cleanup_tests.suite
{"time": "2026-09-28T07:54:28.321059+00:00", "region": "cn-north-1", "feature": "cleanup_tests.suite", "status": "PASS", "evidence": {"remaining": []}}
[cn-northwest-1] PASS: cleanup.inventory
{"time": "2026-09-28T07:54:29.169572+00:00", "region": "cn-northwest-1", "feature": "cleanup.inventory", "status": "PASS", "evidence": []}
[cn-northwest-1] PASS: cleanup_tests.suite
{"time": "2026-09-28T07:54:29.169684+00:00", "region": "cn-northwest-1", "feature": "cleanup_tests.suite", "status": "PASS", "evidence": {"remaining": []}}
{"time": "2026-09-28T07:54:29.303665+00:00", "event": "start", "command": ["/home/ec2-user/agentcore/cn/.venv/bin/python", "/home/ec2-user/agentcore/cn/retest.py", "retest_cleanup_local"], "cwd": "/home/ec2-user/agentcore/cn", "profile": "china", "regions": ["cn-north-1", "cn-northwest-1"], "environment": {"RETEST_RESULTS_DIR": "/home/ec2-user/agentcore/cn/results/repro-caller-confirm-20260928", "VERIFY_RESULTS_DIR": "/home/ec2-user/agentcore/cn/results/repro-caller-confirm-20260928", "RETEST_VERBOSE": "1"}, "extraEnvironment": {}}
[cn-north-1] START retest_cleanup_local.suite
[cn-north-1] PASS: cleanup.local_fixtures
{"time": "2026-09-28T07:54:30.301090+00:00", "region": "cn-north-1", "feature": "cleanup.local_fixtures", "status": "PASS", "evidence": {"stoppedPids": [], "generatedSecretsRemoved": true}}
[cn-north-1] PASS: retest_cleanup_local.suite
{"time": "2026-09-28T07:54:30.301198+00:00", "region": "cn-north-1", "feature": "retest_cleanup_local.suite", "status": "PASS", "evidence": null}
[cn-northwest-1] START retest_cleanup_local.suite
[cn-northwest-1] PASS: cleanup.local_fixtures
{"time": "2026-09-28T07:54:30.309370+00:00", "region": "cn-northwest-1", "feature": "cleanup.local_fixtures", "status": "PASS", "evidence": {"stoppedPids": [], "generatedSecretsRemoved": true}}
[cn-northwest-1] PASS: retest_cleanup_local.suite
{"time": "2026-09-28T07:54:30.309579+00:00", "region": "cn-northwest-1", "feature": "retest_cleanup_local.suite", "status": "PASS", "evidence": null}
{"time": "2026-09-28T07:54:30.385480+00:00", "event": "start", "command": ["/home/ec2-user/agentcore/cn/.venv/bin/python", "/home/ec2-user/agentcore/cn/verify_cleanup.py"], "cwd": "/home/ec2-user/agentcore/cn", "profile": "china", "regions": ["cn-north-1", "cn-northwest-1"], "environment": {"RETEST_RESULTS_DIR": "/home/ec2-user/agentcore/cn/results/repro-caller-confirm-20260928", "VERIFY_RESULTS_DIR": "/home/ec2-user/agentcore/cn/results/repro-caller-confirm-20260928", "RETEST_VERBOSE": "1"}, "extraEnvironment": {}}
{"region": "cn-north-1", "status": "PASS", "remaining": []}
{"region": "cn-northwest-1", "status": "PASS", "remaining": []}

FINAL INVOCATION COMPARISON
{"time": "2026-09-28T07:53:21.875212+00:00", "region": "cn-north-1", "feature": "gateway.caller_iam.assumed_role.direct", "path": "AssumeRole → Runtime 直接调用", "verdict": "PASS", "httpStatus": null, "response": {"sum": 42, "runtime": "gateway-fixture", "region": "cn-north-1"}, "requestId": "fc2cdf2a-b94e-4b28-a92e-f19cca436009", "source": "results/repro-caller-confirm-20260928/cn-north-1-results.jsonl", "sourceLine": 10}
{"time": "2026-09-28T07:53:25.506358+00:00", "region": "cn-north-1", "feature": "gateway.caller_iam.AWS_IAM.runtime-role", "path": "AssumeRole / AWS_IAM → Gateway 执行角色", "verdict": "PASS", "httpStatus": 200, "response": "{\"sum\": 42, \"runtime\": \"gateway-fixture\", \"region\": \"cn-north-1\"}", "requestId": "e9d13319-d067-45d0-b1ce-97ce811b3a6d, ece3ba84-d4fa-4606-ba06-d7b32591bc45", "source": "results/repro-caller-confirm-20260928/cn-north-1-results.jsonl", "sourceLine": 12}
{"time": "2026-09-28T07:53:26.572687+00:00", "region": "cn-north-1", "feature": "gateway.caller_iam.AWS_IAM.runtime-caller", "path": "AssumeRole / AWS_IAM → 调用者 IAM", "verdict": "FAIL", "httpStatus": 403, "response": "{\"message\":\"The security token included in the request is invalid\"}", "requestId": "a4fc4263-eebc-45eb-a110-ac09e6f4696b, b5a76bf2-31cf-40c9-8a4e-b8b30caa58c0", "source": "results/repro-caller-confirm-20260928/cn-north-1-results.jsonl", "sourceLine": 13}
{"time": "2026-09-28T07:53:37.526934+00:00", "region": "cn-north-1", "feature": "gateway.caller_iam.AUTHENTICATE_ONLY.runtime-role", "path": "AssumeRole / AUTHENTICATE_ONLY → Gateway 执行角色", "verdict": "PASS", "httpStatus": 200, "response": "{\"sum\": 42, \"runtime\": \"gateway-fixture\", \"region\": \"cn-north-1\"}", "requestId": "fd334d81-704a-4f19-8fa1-11eb5b291d39, 22306f7c-6dc8-48d6-ad7a-2f698dbf1680", "source": "results/repro-caller-confirm-20260928/cn-north-1-results.jsonl", "sourceLine": 15}
{"time": "2026-09-28T07:53:42.257289+00:00", "region": "cn-north-1", "feature": "gateway.caller_iam.AUTHENTICATE_ONLY.runtime-caller", "path": "AssumeRole / AUTHENTICATE_ONLY → 调用者 IAM", "verdict": "FAIL", "httpStatus": 403, "response": "{\"message\":\"The security token included in the request is invalid\"}", "requestId": "5b04360f-d2d3-40a2-8af0-679ef472dc66, eb685b08-2672-43b6-b3c6-c1142bd930e5", "source": "results/repro-caller-confirm-20260928/cn-north-1-results.jsonl", "sourceLine": 16}
{"time": "2026-09-28T07:53:47.263414+00:00", "region": "cn-north-1", "feature": "gateway.outbound.caller_iam.direct_runtime_baseline", "path": "GetSessionToken → Runtime 直接调用", "verdict": "PASS", "httpStatus": null, "response": {"sum": 42, "runtime": "gateway-fixture", "region": "cn-north-1"}, "requestId": "e568e71c-ee90-46bb-8e71-d22c6cb61daa", "source": "results/repro-caller-confirm-20260928/cn-north-1-results.jsonl", "sourceLine": 18}
{"time": "2026-09-28T07:53:50.936338+00:00", "region": "cn-north-1", "feature": "gateway.outbound.caller_iam.gateway_role_baseline", "path": "GetSessionToken → Gateway 执行角色", "verdict": "PASS", "httpStatus": 200, "response": "{\"sum\": 42, \"runtime\": \"gateway-fixture\", \"region\": \"cn-north-1\"}", "requestId": "736ff975-0a73-4552-b656-1d4d4fb23d1e, 30defd95-75be-485e-b777-5c1b6991aee7", "source": "results/repro-caller-confirm-20260928/cn-north-1-results.jsonl", "sourceLine": 19}
{"time": "2026-09-28T07:53:51.693625+00:00", "region": "cn-north-1", "feature": "gateway.outbound.caller_iam", "path": "GetSessionToken → 调用者 IAM", "verdict": "FAIL", "httpStatus": 403, "response": "{\"message\":\"The security token included in the request is invalid\"}", "requestId": "a67d4b40-641d-4e3a-9a50-f5a4247f7a27, fbde43c4-b440-4eab-97a6-8b5a028755ce", "source": "results/repro-caller-confirm-20260928/cn-north-1-results.jsonl", "sourceLine": 20}
{"time": "2026-09-28T07:53:21.442645+00:00", "region": "cn-northwest-1", "feature": "gateway.caller_iam.assumed_role.direct", "path": "AssumeRole → Runtime 直接调用", "verdict": "PASS", "httpStatus": null, "response": {"sum": 42, "runtime": "gateway-fixture", "region": "cn-northwest-1"}, "requestId": "5d1c19e0-799a-464e-9a0f-0a5c9c23c5f1", "source": "results/repro-caller-confirm-20260928/cn-northwest-1-results.jsonl", "sourceLine": 10}
{"time": "2026-09-28T07:53:25.074302+00:00", "region": "cn-northwest-1", "feature": "gateway.caller_iam.AWS_IAM.runtime-role", "path": "AssumeRole / AWS_IAM → Gateway 执行角色", "verdict": "PASS", "httpStatus": 200, "response": "{\"sum\": 42, \"runtime\": \"gateway-fixture\", \"region\": \"cn-northwest-1\"}", "requestId": "be1a84cf-d5ba-45e7-a388-446f7e90cce4, d88595d2-c9e1-43d0-9c93-c9cda37b8277", "source": "results/repro-caller-confirm-20260928/cn-northwest-1-results.jsonl", "sourceLine": 12}
{"time": "2026-09-28T07:53:26.223253+00:00", "region": "cn-northwest-1", "feature": "gateway.caller_iam.AWS_IAM.runtime-caller", "path": "AssumeRole / AWS_IAM → 调用者 IAM", "verdict": "FAIL", "httpStatus": 403, "response": "{\"message\":\"The security token included in the request is invalid\"}", "requestId": "111ed982-323f-48c4-9172-261d603fa4f9, 8a7e6d72-0771-493d-b84f-ff8856c2c206", "source": "results/repro-caller-confirm-20260928/cn-northwest-1-results.jsonl", "sourceLine": 13}
{"time": "2026-09-28T07:53:37.116453+00:00", "region": "cn-northwest-1", "feature": "gateway.caller_iam.AUTHENTICATE_ONLY.runtime-role", "path": "AssumeRole / AUTHENTICATE_ONLY → Gateway 执行角色", "verdict": "PASS", "httpStatus": 200, "response": "{\"sum\": 42, \"runtime\": \"gateway-fixture\", \"region\": \"cn-northwest-1\"}", "requestId": "ccfddd44-16d2-424e-8b95-09b7c8d4ff10, 713feaeb-a150-4181-8f5f-0880990fa2ab", "source": "results/repro-caller-confirm-20260928/cn-northwest-1-results.jsonl", "sourceLine": 15}
{"time": "2026-09-28T07:53:42.424045+00:00", "region": "cn-northwest-1", "feature": "gateway.caller_iam.AUTHENTICATE_ONLY.runtime-caller", "path": "AssumeRole / AUTHENTICATE_ONLY → 调用者 IAM", "verdict": "FAIL", "httpStatus": 403, "response": "{\"message\":\"The security token included in the request is invalid\"}", "requestId": "28c41132-876a-4f4f-844b-4f5112f1300a, 84e24964-33be-4035-bcaf-39e876100eb9", "source": "results/repro-caller-confirm-20260928/cn-northwest-1-results.jsonl", "sourceLine": 16}
{"time": "2026-09-28T07:53:47.435230+00:00", "region": "cn-northwest-1", "feature": "gateway.outbound.caller_iam.direct_runtime_baseline", "path": "GetSessionToken → Runtime 直接调用", "verdict": "PASS", "httpStatus": null, "response": {"sum": 42, "runtime": "gateway-fixture", "region": "cn-northwest-1"}, "requestId": "b30312d0-c93a-4272-8284-7d9afbdb6bfc", "source": "results/repro-caller-confirm-20260928/cn-northwest-1-results.jsonl", "sourceLine": 18}
{"time": "2026-09-28T07:53:51.284518+00:00", "region": "cn-northwest-1", "feature": "gateway.outbound.caller_iam.gateway_role_baseline", "path": "GetSessionToken → Gateway 执行角色", "verdict": "PASS", "httpStatus": 200, "response": "{\"sum\": 42, \"runtime\": \"gateway-fixture\", \"region\": \"cn-northwest-1\"}", "requestId": "d1acd12d-5f61-4265-8019-41da5467d119, bb0ac42e-944a-47d2-9975-9387f4565b21", "source": "results/repro-caller-confirm-20260928/cn-northwest-1-results.jsonl", "sourceLine": 19}
{"time": "2026-09-28T07:53:52.119629+00:00", "region": "cn-northwest-1", "feature": "gateway.outbound.caller_iam", "path": "GetSessionToken → 调用者 IAM", "verdict": "FAIL", "httpStatus": 403, "response": "{\"message\":\"The security token included in the request is invalid\"}", "requestId": "13c4ba9f-3242-421a-8eb3-b643992373ab, 0deb0fb1-c183-499e-a962-87aa101782d3", "source": "results/repro-caller-confirm-20260928/cn-northwest-1-results.jsonl", "sourceLine": 20}
FINAL SUMMARY {"cn-north-1": {"verdict": "REPRODUCED", "cleanup": "PASS"}, "cn-northwest-1": {"verdict": "REPRODUCED", "cleanup": "PASS"}}
