{"time": "2026-09-29T01:54:05.091102+00:00", "event": "start", "command": ["/home/ec2-user/agentcore/cn/.venv/bin/python", "/home/ec2-user/agentcore/cn/retest.py", "retest_setup"], "cwd": "/home/ec2-user/agentcore/cn", "profile": "china", "regions": ["cn-north-1", "cn-northwest-1"], "environment": {"RETEST_RESULTS_DIR": "/home/ec2-user/agentcore/cn/results/repro-caller-confirm-20260929", "VERIFY_RESULTS_DIR": "/home/ec2-user/agentcore/cn/results/repro-caller-confirm-20260929", "RETEST_VERBOSE": "1"}, "extraEnvironment": {}}
[cn-north-1] START retest_setup.suite
[cn-northwest-1] START retest_setup.suite
[cn-north-1] START fixture.oidc.public_discovery
[cn-northwest-1] START fixture.oidc.public_discovery
[cn-north-1] FAIL: fixture.oidc.public_discovery — {'type': 'AssertionError', 'message': '{\'status\': 403, \'body\': \'{"Message":null}\'}', 'traceback': 'Traceback (most recent call last):\n  File "/home/ec2-user/agentcore/cn/suite.py", line 77, in test\n    result = fn()\n             ^^^^\n  File "/home/ec2-user/agentcore/cn/retest_setup.py", line 96, in discovery\n    assert response.status_code == 200, {"status": response.status_code, "body": response.text}\n           ^^^^^^^^^^^^^^^^^^^^^^^^^^^\nAssertionError: {\'status\': 403, \'body\'
{"time": "2026-09-29T01:54:27.639717+00:00", "region": "cn-north-1", "feature": "fixture.oidc.public_discovery", "status": "FAIL", "evidence": {"type": "AssertionError", "message": "{'status': 403, 'body': '{\"Message\":null}'}", "traceback": "Traceback (most recent call last):\n  File \"/home/ec2-user/agentcore/cn/suite.py\", line 77, in test\n    result = fn()\n             ^^^^\n  File \"/home/ec2-user/agentcore/cn/retest_setup.py\", line 96, in discovery\n    assert response.status_code == 200, {\"status\": response.status_code, \"body\": response.text}\n           ^^^^^^^^^^^^^^^^^^^^^^^^^^^\nAssertionError: {'status': 403, 'body': '{\"Message\":null}'}\n"}}
[cn-north-1] START fixture.oidc.client_credentials
[cn-northwest-1] FAIL: fixture.oidc.public_discovery — {'type': 'AssertionError', 'message': '{\'status\': 403, \'body\': \'{"Message":null}\'}', 'traceback': 'Traceback (most recent call last):\n  File "/home/ec2-user/agentcore/cn/suite.py", line 77, in test\n    result = fn()\n             ^^^^\n  File "/home/ec2-user/agentcore/cn/retest_setup.py", line 96, in discovery\n    assert response.status_code == 200, {"status": response.status_code, "body": response.text}\n           ^^^^^^^^^^^^^^^^^^^^^^^^^^^\nAssertionError: {\'status\': 403, \'body\'
{"time": "2026-09-29T01:54:28.318104+00:00", "region": "cn-northwest-1", "feature": "fixture.oidc.public_discovery", "status": "FAIL", "evidence": {"type": "AssertionError", "message": "{'status': 403, 'body': '{\"Message\":null}'}", "traceback": "Traceback (most recent call last):\n  File \"/home/ec2-user/agentcore/cn/suite.py\", line 77, in test\n    result = fn()\n             ^^^^\n  File \"/home/ec2-user/agentcore/cn/retest_setup.py\", line 96, in discovery\n    assert response.status_code == 200, {\"status\": response.status_code, \"body\": response.text}\n           ^^^^^^^^^^^^^^^^^^^^^^^^^^^\nAssertionError: {'status': 403, 'body': '{\"Message\":null}'}\n"}}
[cn-northwest-1] START fixture.oidc.client_credentials
[cn-north-1] FAIL: fixture.oidc.client_credentials — {'type': 'AssertionError', 'message': '{\'status\': 403, \'body\': \'{"Message":null}\'}', 'traceback': 'Traceback (most recent call last):\n  File "/home/ec2-user/agentcore/cn/suite.py", line 77, in test\n    result = fn()\n             ^^^^\n  File "/home/ec2-user/agentcore/cn/retest_setup.py", line 103, in token\n    assert response.status_code==200, {"status":response.status_code,"body":response.text}\n           ^^^^^^^^^^^^^^^^^^^^^^^^^\nAssertionError: {\'status\': 403, \'body\': \'{"Mess
{"time": "2026-09-29T01:54:28.401105+00:00", "region": "cn-north-1", "feature": "fixture.oidc.client_credentials", "status": "FAIL", "evidence": {"type": "AssertionError", "message": "{'status': 403, 'body': '{\"Message\":null}'}", "traceback": "Traceback (most recent call last):\n  File \"/home/ec2-user/agentcore/cn/suite.py\", line 77, in test\n    result = fn()\n             ^^^^\n  File \"/home/ec2-user/agentcore/cn/retest_setup.py\", line 103, in token\n    assert response.status_code==200, {\"status\":response.status_code,\"body\":response.text}\n           ^^^^^^^^^^^^^^^^^^^^^^^^^\nAssertionError: {'status': 403, 'body': '{\"Message\":null}'}\n"}}
[cn-north-1] PASS: retest_setup.suite
{"time": "2026-09-29T01:54:28.402168+00:00", "region": "cn-north-1", "feature": "retest_setup.suite", "status": "PASS", "evidence": null}
[cn-northwest-1] FAIL: fixture.oidc.client_credentials — {'type': 'AssertionError', 'message': '{\'status\': 403, \'body\': \'{"Message":null}\'}', 'traceback': 'Traceback (most recent call last):\n  File "/home/ec2-user/agentcore/cn/suite.py", line 77, in test\n    result = fn()\n             ^^^^\n  File "/home/ec2-user/agentcore/cn/retest_setup.py", line 103, in token\n    assert response.status_code==200, {"status":response.status_code,"body":response.text}\n           ^^^^^^^^^^^^^^^^^^^^^^^^^\nAssertionError: {\'status\': 403, \'body\': \'{"Mess
{"time": "2026-09-29T01:54:29.102564+00:00", "region": "cn-northwest-1", "feature": "fixture.oidc.client_credentials", "status": "FAIL", "evidence": {"type": "AssertionError", "message": "{'status': 403, 'body': '{\"Message\":null}'}", "traceback": "Traceback (most recent call last):\n  File \"/home/ec2-user/agentcore/cn/suite.py\", line 77, in test\n    result = fn()\n             ^^^^\n  File \"/home/ec2-user/agentcore/cn/retest_setup.py\", line 103, in token\n    assert response.status_code==200, {\"status\":response.status_code,\"body\":response.text}\n           ^^^^^^^^^^^^^^^^^^^^^^^^^\nAssertionError: {'status': 403, 'body': '{\"Message\":null}'}\n"}}
[cn-northwest-1] PASS: retest_setup.suite
{"time": "2026-09-29T01:54:29.103484+00:00", "region": "cn-northwest-1", "feature": "retest_setup.suite", "status": "PASS", "evidence": null}
{"time": "2026-09-29T01:54:29.214307+00:00", "event": "start", "command": ["/home/ec2-user/agentcore/cn/.venv/bin/python", "/home/ec2-user/agentcore/cn/retest.py", "retest_runtime"], "cwd": "/home/ec2-user/agentcore/cn", "profile": "china", "regions": ["cn-north-1", "cn-northwest-1"], "environment": {"RETEST_RESULTS_DIR": "/home/ec2-user/agentcore/cn/results/repro-caller-confirm-20260929", "VERIFY_RESULTS_DIR": "/home/ec2-user/agentcore/cn/results/repro-caller-confirm-20260929", "RETEST_VERBOSE": "1"}, "extraEnvironment": {}}
[cn-north-1] START retest_runtime.suite
[cn-northwest-1] START retest_runtime.suite
[cn-north-1] WAIT status=CREATING elapsed=0.3s
[cn-northwest-1] WAIT status=CREATING elapsed=0.3s
[cn-north-1] WAIT status=READY elapsed=3.5s
[cn-northwest-1] WAIT status=READY elapsed=3.6s
[cn-north-1] START gateway.runtime.fixture_create
[cn-northwest-1] START gateway.runtime.fixture_create
[cn-north-1] PASS: gateway.runtime.fixture_create
{"time": "2026-09-29T01:54:37.169247+00:00", "region": "cn-north-1", "feature": "gateway.runtime.fixture_create", "status": "PASS", "evidence": {"ResponseMetadata": {"RequestId": "1607585c-0a09-4311-b23d-70e6730f3da6", "HTTPStatusCode": 202, "HTTPHeaders": {"date": "Tue, 29 Sep 2026 01:54:37 GMT", "content-type": "application/json", "content-length": "444", "connection": "keep-alive", "x-amzn-requestid": "1607585c-0a09-4311-b23d-70e6730f3da6", "x-amz-apigw-id": "EcEOhHgaBTIEefw=", "x-amzn-trace-id": "Root=1-6abb1a5c-52fe7de02159e5bf4fff12a7"}, "RetryAttempts": 0}, "agentRuntimeArn": "arn:aws-cn:bedrock-agentcore:cn-north-1:209915754514:runtime/ac_cn_0929015405_bj-fyqfwJ2ER2", "workloadIdentityDetails": {"workloadIdentityArn": "arn:aws-cn:bedrock-agentcore:cn-north-1:209915754514:workload-identity-directory/default/workload-identity/ac_cn_0929015405_bj-fyqfwJ2ER2"}, "agentRuntimeId": "ac_cn_0929015405_bj-fyqfwJ2ER2", "agentRuntimeVersion": "1", "createdAt": "2026-09-29 01:54:36.654232+00:00", "status": "CREATING"}}
[cn-north-1] START gateway.runtime.fixture_ready
[cn-north-1] WAIT status=CREATING elapsed=0.3s
[cn-northwest-1] PASS: gateway.runtime.fixture_create
{"time": "2026-09-29T01:54:37.528998+00:00", "region": "cn-northwest-1", "feature": "gateway.runtime.fixture_create", "status": "PASS", "evidence": {"ResponseMetadata": {"RequestId": "6f52ee29-818a-4224-9e96-26f1398b62b4", "HTTPStatusCode": 202, "HTTPHeaders": {"date": "Tue, 29 Sep 2026 01:54:37 GMT", "content-type": "application/json", "content-length": "452", "connection": "keep-alive", "x-amzn-requestid": "6f52ee29-818a-4224-9e96-26f1398b62b4", "x-amz-apigw-id": "EcEOkGdaZPgEKxQ=", "x-amzn-trace-id": "Root=1-6abb1a5c-74b0d7ab19140a6b027c7db7"}, "RetryAttempts": 0}, "agentRuntimeArn": "arn:aws-cn:bedrock-agentcore:cn-northwest-1:209915754514:runtime/ac_cn_0929015405_nx-hb7Ki29LZR", "workloadIdentityDetails": {"workloadIdentityArn": "arn:aws-cn:bedrock-agentcore:cn-northwest-1:209915754514:workload-identity-directory/default/workload-identity/ac_cn_0929015405_nx-hb7Ki29LZR"}, "agentRuntimeId": "ac_cn_0929015405_nx-hb7Ki29LZR", "agentRuntimeVersion": "1", "createdAt": "2026-09-29 01:54:37.031224+00:00", "status": "CREATING"}}
[cn-northwest-1] START gateway.runtime.fixture_ready
[cn-northwest-1] WAIT status=CREATING elapsed=0.3s
[cn-north-1] WAIT status=CREATING elapsed=33.0s
[cn-northwest-1] WAIT status=CREATING elapsed=33.5s
[cn-north-1] WAIT status=CREATING elapsed=65.7s
[cn-northwest-1] WAIT status=CREATING elapsed=66.6s
[cn-north-1] WAIT status=CREATING elapsed=98.4s
[cn-northwest-1] WAIT status=CREATING elapsed=99.7s
[cn-northwest-1] WAIT status=CREATING elapsed=130.2s
[cn-north-1] WAIT status=CREATING elapsed=131.1s
[cn-northwest-1] WAIT status=CREATING elapsed=163.3s
[cn-north-1] WAIT status=CREATING elapsed=163.9s
[cn-north-1] WAIT status=CREATING elapsed=196.7s
[cn-northwest-1] WAIT status=CREATING elapsed=196.4s
[cn-north-1] WAIT status=READY elapsed=219.7s
[cn-north-1] PASS: gateway.runtime.fixture_ready
{"time": "2026-09-29T01:58:16.824528+00:00", "region": "cn-north-1", "feature": "gateway.runtime.fixture_ready", "status": "PASS", "evidence": {"ResponseMetadata": {"RequestId": "8c37f8a9-e82f-46d9-94cc-b641cc22b5ab", "HTTPStatusCode": 200, "HTTPHeaders": {"date": "Tue, 29 Sep 2026 01:58:16 GMT", "content-type": "application/json", "content-length": "1079", "connection": "keep-alive", "x-amzn-requestid": "8c37f8a9-e82f-46d9-94cc-b641cc22b5ab", "x-amz-apigw-id": "EcEw7FIUBTIEanA=", "x-amzn-trace-id": "Root=1-6abb1b38-0147a32507ce47097e3d5f14"}, "RetryAttempts": 0}, "agentRuntimeArn": "arn:aws-cn:bedrock-agentcore:cn-north-1:209915754514:runtime/ac_cn_0929015405_bj-fyqfwJ2ER2", "agentRuntimeName": "ac_cn_0929015405_bj", "agentRuntimeId": "ac_cn_0929015405_bj-fyqfwJ2ER2", "agentRuntimeVersion": "1", "createdAt": "2026-09-29 01:54:36.654232+00:00", "lastUpdatedAt": "2026-09-29 01:58:15.925759+00:00", "roleArn": "arn:aws-cn:iam::209915754514:role/ac-cn-0929015405-bj-agentcore", "networkConfiguration": {"networkMode": "PUBLIC"}, "status": "READY", "lifecycleConfiguration": {"idleRuntimeSessionTimeout": 900, "maxLifetime": 28800}, "workloadIdentityDetails": {"workloadIdentityArn": "arn:aws-cn:bedrock-agentcore:cn-north-1:209915754514:workload-identity-directory/default/workload-identity/ac_cn_0929015405_bj-fyqfwJ2ER2"}, "agentRuntimeArtifact": {"codeConfiguration": {"code": {"s3": {"bucket": "ac-cn-0929015405-bj-209915754514", "prefix": "runtime.zip"}}, "runtime": "PYTHON_3_12", "entryPoint": ["app.py"]}}, "protocolConfiguration": {"serverProtocol": "HTTP"}, "metadataConfiguration": {"requireMMDSV2": true}, "platformVersion": "V2"}}
[cn-north-1] START gateway.runtime.runtime-role.target
[cn-north-1] WAIT status=CREATING elapsed=0.3s
[cn-northwest-1] WAIT status=READY elapsed=222.9s
[cn-northwest-1] PASS: gateway.runtime.fixture_ready
{"time": "2026-09-29T01:58:20.442791+00:00", "region": "cn-northwest-1", "feature": "gateway.runtime.fixture_ready", "status": "PASS", "evidence": {"ResponseMetadata": {"RequestId": "a89a6189-b855-4895-9a99-973a87b4815f", "HTTPStatusCode": 200, "HTTPHeaders": {"date": "Tue, 29 Sep 2026 01:58:20 GMT", "content-type": "application/json", "content-length": "1087", "connection": "keep-alive", "x-amzn-requestid": "a89a6189-b855-4895-9a99-973a87b4815f", "x-amz-apigw-id": "EcExfGWaZPgEfUw=", "x-amzn-trace-id": "Root=1-6abb1b3c-0370109a19a9050f3aa49e7b"}, "RetryAttempts": 0}, "agentRuntimeArn": "arn:aws-cn:bedrock-agentcore:cn-northwest-1:209915754514:runtime/ac_cn_0929015405_nx-hb7Ki29LZR", "agentRuntimeName": "ac_cn_0929015405_nx", "agentRuntimeId": "ac_cn_0929015405_nx-hb7Ki29LZR", "agentRuntimeVersion": "1", "createdAt": "2026-09-29 01:54:37.031224+00:00", "lastUpdatedAt": "2026-09-29 01:58:17.443740+00:00", "roleArn": "arn:aws-cn:iam::209915754514:role/ac-cn-0929015405-nx-agentcore", "networkConfiguration": {"networkMode": "PUBLIC"}, "status": "READY", "lifecycleConfiguration": {"idleRuntimeSessionTimeout": 900, "maxLifetime": 28800}, "workloadIdentityDetails": {"workloadIdentityArn": "arn:aws-cn:bedrock-agentcore:cn-northwest-1:209915754514:workload-identity-directory/default/workload-identity/ac_cn_0929015405_nx-hb7Ki29LZR"}, "agentRuntimeArtifact": {"codeConfiguration": {"code": {"s3": {"bucket": "ac-cn-0929015405-nx-209915754514", "prefix": "runtime.zip"}}, "runtime": "PYTHON_3_12", "entryPoint": ["app.py"]}}, "protocolConfiguration": {"serverProtocol": "HTTP"}, "metadataConfiguration": {"requireMMDSV2": true}, "platformVersion": "V2"}}
[cn-northwest-1] START gateway.runtime.runtime-role.target
[cn-north-1] WAIT status=READY elapsed=3.6s
[cn-north-1] PASS: gateway.runtime.runtime-role.target
{"time": "2026-09-29T01:58:22.134951+00:00", "region": "cn-north-1", "feature": "gateway.runtime.runtime-role.target", "status": "PASS", "evidence": {"ResponseMetadata": {"RequestId": "14fa113a-6a8a-472b-a335-c6ad47b7b3ae", "HTTPStatusCode": 200, "HTTPHeaders": {"date": "Tue, 29 Sep 2026 01:58:22 GMT", "content-type": "application/json", "content-length": "525", "connection": "keep-alive", "x-amzn-requestid": "14fa113a-6a8a-472b-a335-c6ad47b7b3ae", "x-amz-apigw-id": "EcExwEjCBTIECeg=", "x-amzn-trace-id": "Root=1-6abb1b3d-337839c01d647ddc5191f96b"}, "RetryAttempts": 0}, "gatewayArn": "arn:aws-cn:bedrock-agentcore:cn-north-1:209915754514:gateway/ac-cn-0929015405-bj-http-ys9phkel49", "targetId": "YOHNKORLHC", "createdAt": "2026-09-29 01:58:18.377782+00:00", "updatedAt": "2026-09-29 01:58:19.183582+00:00", "status": "READY", "name": "runtime-role", "targetConfiguration": {"http": {"agentcoreRuntime": {"arn": "arn:aws-cn:bedrock-agentcore:cn-north-1:209915754514:runtime/ac_cn_0929015405_bj-fyqfwJ2ER2", "qualifier": "DEFAULT"}}}, "credentialProviderConfigurations": [{"credentialProviderType": "GATEWAY_IAM_ROLE"}]}}
[cn-north-1] START gateway.runtime.role_invocation
[cn-northwest-1] WAIT status=CREATING elapsed=0.3s
[cn-north-1] PASS: gateway.runtime.role_invocation
{"time": "2026-09-29T01:58:25.453876+00:00", "region": "cn-north-1", "feature": "gateway.runtime.role_invocation", "status": "PASS", "evidence": {"status": 200, "body": {"sum": 42, "runtime": "gateway-fixture", "region": "cn-north-1"}}}
[cn-north-1] START gateway.runtime.runtime-caller.target
[cn-northwest-1] WAIT status=READY elapsed=3.7s
[cn-northwest-1] PASS: gateway.runtime.runtime-role.target
{"time": "2026-09-29T01:58:25.720899+00:00", "region": "cn-northwest-1", "feature": "gateway.runtime.runtime-role.target", "status": "PASS", "evidence": {"ResponseMetadata": {"RequestId": "65702a4f-fcc0-4522-b665-65780d424a7c", "HTTPStatusCode": 200, "HTTPHeaders": {"date": "Tue, 29 Sep 2026 01:58:25 GMT", "content-type": "application/json", "content-length": "533", "connection": "keep-alive", "x-amzn-requestid": "65702a4f-fcc0-4522-b665-65780d424a7c", "x-amz-apigw-id": "EcEyTGd_5PgEBpQ=", "x-amzn-trace-id": "Root=1-6abb1b41-3a47d36d19fec61d48299bba"}, "RetryAttempts": 0}, "gatewayArn": "arn:aws-cn:bedrock-agentcore:cn-northwest-1:209915754514:gateway/ac-cn-0929015405-nx-http-h5xpmtwmuf", "targetId": "AZ715PNSQB", "createdAt": "2026-09-29 01:58:21.836083+00:00", "updatedAt": "2026-09-29 01:58:22.656021+00:00", "status": "READY", "name": "runtime-role", "targetConfiguration": {"http": {"agentcoreRuntime": {"arn": "arn:aws-cn:bedrock-agentcore:cn-northwest-1:209915754514:runtime/ac_cn_0929015405_nx-hb7Ki29LZR", "qualifier": "DEFAULT"}}}, "credentialProviderConfigurations": [{"credentialProviderType": "GATEWAY_IAM_ROLE"}]}}
[cn-northwest-1] START gateway.runtime.role_invocation
[cn-north-1] WAIT status=CREATING elapsed=0.3s
[cn-northwest-1] PASS: gateway.runtime.role_invocation
{"time": "2026-09-29T01:58:28.792645+00:00", "region": "cn-northwest-1", "feature": "gateway.runtime.role_invocation", "status": "PASS", "evidence": {"status": 200, "body": {"sum": 42, "runtime": "gateway-fixture", "region": "cn-northwest-1"}}}
[cn-northwest-1] START gateway.runtime.runtime-caller.target
[cn-northwest-1] WAIT status=CREATING elapsed=0.4s
[cn-north-1] WAIT status=READY elapsed=3.6s
[cn-north-1] PASS: gateway.runtime.runtime-caller.target
{"time": "2026-09-29T01:58:29.738240+00:00", "region": "cn-north-1", "feature": "gateway.runtime.runtime-caller.target", "status": "PASS", "evidence": {"ResponseMetadata": {"RequestId": "99c2000f-0602-49f7-a78d-f394ffc3e3fb", "HTTPStatusCode": 200, "HTTPHeaders": {"date": "Tue, 29 Sep 2026 01:58:29 GMT", "content-type": "application/json", "content-length": "533", "connection": "keep-alive", "x-amzn-requestid": "99c2000f-0602-49f7-a78d-f394ffc3e3fb", "x-amz-apigw-id": "EcEy8GD-BTIEOhQ=", "x-amzn-trace-id": "Root=1-6abb1b45-074aecd353234bb052713e51"}, "RetryAttempts": 0}, "gatewayArn": "arn:aws-cn:bedrock-agentcore:cn-north-1:209915754514:gateway/ac-cn-0929015405-bj-http-ys9phkel49", "targetId": "UG0AOI6UCD", "createdAt": "2026-09-29 01:58:25.975164+00:00", "updatedAt": "2026-09-29 01:58:26.786393+00:00", "status": "READY", "name": "runtime-caller", "targetConfiguration": {"http": {"agentcoreRuntime": {"arn": "arn:aws-cn:bedrock-agentcore:cn-north-1:209915754514:runtime/ac_cn_0929015405_bj-fyqfwJ2ER2", "qualifier": "DEFAULT"}}}, "credentialProviderConfigurations": [{"credentialProviderType": "CALLER_IAM_CREDENTIALS"}]}}
[cn-north-1] START gateway.outbound.caller_iam
[cn-north-1] PASS: gateway.outbound.caller_iam
{"time": "2026-09-29T01:58:32.799037+00:00", "region": "cn-north-1", "feature": "gateway.outbound.caller_iam", "status": "PASS", "evidence": {"status": 200, "body": {"sum": 42, "runtime": "gateway-fixture", "region": "cn-north-1"}}}
[cn-northwest-1] WAIT status=READY elapsed=3.7s
[cn-northwest-1] PASS: gateway.runtime.runtime-caller.target
{"time": "2026-09-29T01:58:32.925402+00:00", "region": "cn-northwest-1", "feature": "gateway.runtime.runtime-caller.target", "status": "PASS", "evidence": {"ResponseMetadata": {"RequestId": "d48ac261-6489-45e0-9be4-af84477cb921", "HTTPStatusCode": 200, "HTTPHeaders": {"date": "Tue, 29 Sep 2026 01:58:32 GMT", "content-type": "application/json", "content-length": "541", "connection": "keep-alive", "x-amzn-requestid": "d48ac261-6489-45e0-9be4-af84477cb921", "x-amz-apigw-id": "EcEzbHJB5PgEhJw=", "x-amzn-trace-id": "Root=1-6abb1b48-70ba09821930cef65057acda"}, "RetryAttempts": 0}, "gatewayArn": "arn:aws-cn:bedrock-agentcore:cn-northwest-1:209915754514:gateway/ac-cn-0929015405-nx-http-h5xpmtwmuf", "targetId": "ETFC6QNVRP", "createdAt": "2026-09-29 01:58:29.067117+00:00", "updatedAt": "2026-09-29 01:58:30.069835+00:00", "status": "READY", "name": "runtime-caller", "targetConfiguration": {"http": {"agentcoreRuntime": {"arn": "arn:aws-cn:bedrock-agentcore:cn-northwest-1:209915754514:runtime/ac_cn_0929015405_nx-hb7Ki29LZR", "qualifier": "DEFAULT"}}}, "credentialProviderConfigurations": [{"credentialProviderType": "CALLER_IAM_CREDENTIALS"}]}}
[cn-northwest-1] START gateway.outbound.caller_iam
[cn-northwest-1] PASS: gateway.outbound.caller_iam
{"time": "2026-09-29T01:58:36.462660+00:00", "region": "cn-northwest-1", "feature": "gateway.outbound.caller_iam", "status": "PASS", "evidence": {"status": 200, "body": {"sum": 42, "runtime": "gateway-fixture", "region": "cn-northwest-1"}}}
[cn-north-1] START gateway.caller_iam.assumed_role.direct
[cn-north-1] PASS: gateway.caller_iam.assumed_role.direct
{"time": "2026-09-29T01:58:46.888215+00:00", "region": "cn-north-1", "feature": "gateway.caller_iam.assumed_role.direct", "status": "PASS", "evidence": {"body": {"sum": 42, "runtime": "gateway-fixture", "region": "cn-north-1"}, "requestId": "d628f645-56d0-4ef0-9159-e644a1186e0a", "credentials": "AssumeRole"}}
[cn-north-1] START gateway.caller_iam.AWS_IAM.configuration
[cn-north-1] WAIT status=READY elapsed=0.3s
[cn-north-1] PASS: gateway.caller_iam.AWS_IAM.configuration
{"time": "2026-09-29T01:58:47.407256+00:00", "region": "cn-north-1", "feature": "gateway.caller_iam.AWS_IAM.configuration", "status": "PASS", "evidence": {"ResponseMetadata": {"RequestId": "68232962-4f30-438c-b2be-ebb30f059fb2", "HTTPStatusCode": 200, "HTTPHeaders": {"date": "Tue, 29 Sep 2026 01:58:47 GMT", "content-type": "application/json", "content-length": "740", "connection": "keep-alive", "x-amzn-requestid": "68232962-4f30-438c-b2be-ebb30f059fb2", "x-amz-apigw-id": "EcE1tEZkhTIEDNQ=", "x-amzn-trace-id": "Root=1-6abb1b57-4a7751281300a2ff028fb656"}, "RetryAttempts": 0}, "gatewayArn": "arn:aws-cn:bedrock-agentcore:cn-north-1:209915754514:gateway/ac-cn-0929015405-bj-http-ys9phkel49", "gatewayId": "ac-cn-0929015405-bj-http-ys9phkel49", "gatewayUrl": "https://ac-cn-0929015405-bj-http-ys9phkel49.gateway.bedrock-agentcore.cn-north-1.amazonaws.com.cn", "createdAt": "2026-09-29 01:54:31.306223+00:00", "updatedAt": "2026-09-29 01:54:32.328923+00:00", "status": "READY", "name": "ac-cn-0929015405-bj-http", "roleArn": "arn:aws-cn:iam::209915754514:role/ac-cn-0929015405-bj-agentcore", "authorizerType": "AWS_IAM", "workloadIdentityDetails": {"workloadIdentityArn": "arn:aws-cn:bedrock-agentcore:cn-north-1:209915754514:workload-identity-directory/default/workload-identity/ac-cn-0929015405-bj-http-ys9phkel49"}, "exceptionLevel": "DEBUG"}}
[cn-northwest-1] START gateway.caller_iam.assumed_role.direct
[cn-north-1] START gateway.caller_iam.AWS_IAM.runtime-role
[cn-north-1] PASS: gateway.caller_iam.AWS_IAM.runtime-role
{"time": "2026-09-29T01:58:50.393751+00:00", "region": "cn-north-1", "feature": "gateway.caller_iam.AWS_IAM.runtime-role", "status": "PASS", "evidence": {"status": 200, "body": "{\"sum\": 42, \"runtime\": \"gateway-fixture\", \"region\": \"cn-north-1\"}", "requestId": "4d984797-a892-4cb2-90fb-e3945407faf3, 23ec9ab7-4b96-4384-ac77-fb0cdaf7752f", "credentials": "AssumeRole", "inbound": "AWS_IAM", "outbound": "runtime-role"}}
[cn-north-1] START gateway.caller_iam.AWS_IAM.runtime-caller
[cn-northwest-1] PASS: gateway.caller_iam.assumed_role.direct
{"time": "2026-09-29T01:58:50.794691+00:00", "region": "cn-northwest-1", "feature": "gateway.caller_iam.assumed_role.direct", "status": "PASS", "evidence": {"body": {"sum": 42, "runtime": "gateway-fixture", "region": "cn-northwest-1"}, "requestId": "4300278d-a4cc-4809-9fa6-49be26de557b", "credentials": "AssumeRole"}}
[cn-northwest-1] START gateway.caller_iam.AWS_IAM.configuration
[cn-northwest-1] WAIT status=READY elapsed=0.3s
[cn-northwest-1] PASS: gateway.caller_iam.AWS_IAM.configuration
{"time": "2026-09-29T01:58:51.386940+00:00", "region": "cn-northwest-1", "feature": "gateway.caller_iam.AWS_IAM.configuration", "status": "PASS", "evidence": {"ResponseMetadata": {"RequestId": "c3f25215-4af7-405f-8dae-f34a6c16c4ca", "HTTPStatusCode": 200, "HTTPHeaders": {"date": "Tue, 29 Sep 2026 01:58:51 GMT", "content-type": "application/json", "content-length": "752", "connection": "keep-alive", "x-amzn-requestid": "c3f25215-4af7-405f-8dae-f34a6c16c4ca", "x-amz-apigw-id": "EcE2VFpd5PgEsjA=", "x-amzn-trace-id": "Root=1-6abb1b5b-57114c18676a922546c699fb"}, "RetryAttempts": 0}, "gatewayArn": "arn:aws-cn:bedrock-agentcore:cn-northwest-1:209915754514:gateway/ac-cn-0929015405-nx-http-h5xpmtwmuf", "gatewayId": "ac-cn-0929015405-nx-http-h5xpmtwmuf", "gatewayUrl": "https://ac-cn-0929015405-nx-http-h5xpmtwmuf.gateway.bedrock-agentcore.cn-northwest-1.amazonaws.com.cn", "createdAt": "2026-09-29 01:54:31.483722+00:00", "updatedAt": "2026-09-29 01:54:31.913883+00:00", "status": "READY", "name": "ac-cn-0929015405-nx-http", "roleArn": "arn:aws-cn:iam::209915754514:role/ac-cn-0929015405-nx-agentcore", "authorizerType": "AWS_IAM", "workloadIdentityDetails": {"workloadIdentityArn": "arn:aws-cn:bedrock-agentcore:cn-northwest-1:209915754514:workload-identity-directory/default/workload-identity/ac-cn-0929015405-nx-http-h5xpmtwmuf"}, "exceptionLevel": "DEBUG"}}
[cn-northwest-1] START gateway.caller_iam.AWS_IAM.runtime-role
[cn-north-1] PASS: gateway.caller_iam.AWS_IAM.runtime-caller
{"time": "2026-09-29T01:58:53.371277+00:00", "region": "cn-north-1", "feature": "gateway.caller_iam.AWS_IAM.runtime-caller", "status": "PASS", "evidence": {"status": 200, "body": "{\"sum\": 42, \"runtime\": \"gateway-fixture\", \"region\": \"cn-north-1\"}", "requestId": "88ac57c7-1286-4b9f-b838-1516fd3d95cf, 1704a9f1-b3f8-46dc-ad40-f5a6f296646b", "credentials": "AssumeRole", "inbound": "AWS_IAM", "outbound": "runtime-caller"}}
[cn-north-1] START gateway.caller_iam.AUTHENTICATE_ONLY.configuration
[cn-north-1] WAIT status=CREATING elapsed=0.2s
[cn-northwest-1] PASS: gateway.caller_iam.AWS_IAM.runtime-role
{"time": "2026-09-29T01:58:54.158847+00:00", "region": "cn-northwest-1", "feature": "gateway.caller_iam.AWS_IAM.runtime-role", "status": "PASS", "evidence": {"status": 200, "body": "{\"sum\": 42, \"runtime\": \"gateway-fixture\", \"region\": \"cn-northwest-1\"}", "requestId": "6d827326-e167-42ee-ade8-7dc9002d450b, 7585b12e-9ac7-456b-aec0-a4a803cf5dbb", "credentials": "AssumeRole", "inbound": "AWS_IAM", "outbound": "runtime-role"}}
[cn-northwest-1] START gateway.caller_iam.AWS_IAM.runtime-caller
[cn-northwest-1] PASS: gateway.caller_iam.AWS_IAM.runtime-caller
{"time": "2026-09-29T01:58:57.061463+00:00", "region": "cn-northwest-1", "feature": "gateway.caller_iam.AWS_IAM.runtime-caller", "status": "PASS", "evidence": {"status": 200, "body": "{\"sum\": 42, \"runtime\": \"gateway-fixture\", \"region\": \"cn-northwest-1\"}", "requestId": "1546de4c-610d-4ec5-ac94-e4fc31e547fe, 507fa5f8-6ca5-4048-bc04-c69acb958cb8", "credentials": "AssumeRole", "inbound": "AWS_IAM", "outbound": "runtime-caller"}}
[cn-northwest-1] START gateway.caller_iam.AUTHENTICATE_ONLY.configuration
[cn-north-1] WAIT status=READY elapsed=3.5s
[cn-north-1] PASS: gateway.caller_iam.AUTHENTICATE_ONLY.configuration
{"time": "2026-09-29T01:58:57.256262+00:00", "region": "cn-north-1", "feature": "gateway.caller_iam.AUTHENTICATE_ONLY.configuration", "status": "PASS", "evidence": {"ResponseMetadata": {"RequestId": "f570ec0e-81de-4fb8-8b8d-65cceee12e35", "HTTPStatusCode": 200, "HTTPHeaders": {"date": "Tue, 29 Sep 2026 01:58:57 GMT", "content-type": "application/json", "content-length": "815", "connection": "keep-alive", "x-amzn-requestid": "f570ec0e-81de-4fb8-8b8d-65cceee12e35", "x-amz-apigw-id": "EcE3QERYBTIESIw=", "x-amzn-trace-id": "Root=1-6abb1b61-5afa000073f952430e2315d4"}, "RetryAttempts": 0}, "gatewayArn": "arn:aws-cn:bedrock-agentcore:cn-north-1:209915754514:gateway/ac-cn-0929015405-bj-authenticate-only-3xltvzir2w", "gatewayId": "ac-cn-0929015405-bj-authenticate-only-3xltvzir2w", "gatewayUrl": "https://ac-cn-0929015405-bj-authenticate-only-3xltvzir2w.gateway.bedrock-agentcore.cn-north-1.amazonaws.com.cn", "createdAt": "2026-09-29 01:58:53.607376+00:00", "updatedAt": "2026-09-29 01:58:54.357246+00:00", "status": "READY", "name": "ac-cn-0929015405-bj-authenticate-only", "roleArn": "arn:aws-cn:iam::209915754514:role/ac-cn-0929015405-bj-agentcore", "authorizerType": "AUTHENTICATE_ONLY", "workloadIdentityDetails": {"workloadIdentityArn": "arn:aws-cn:bedrock-agentcore:cn-north-1:209915754514:workload-identity-directory/default/workload-identity/ac-cn-0929015405-bj-authenticate-only-3xltvzir2w"}, "exceptionLevel": "DEBUG"}}
[cn-northwest-1] WAIT status=CREATING elapsed=0.3s
[cn-north-1] WAIT status=CREATING elapsed=0.3s
[cn-northwest-1] WAIT status=READY elapsed=3.6s
[cn-northwest-1] PASS: gateway.caller_iam.AUTHENTICATE_ONLY.configuration
{"time": "2026-09-29T01:59:01.091368+00:00", "region": "cn-northwest-1", "feature": "gateway.caller_iam.AUTHENTICATE_ONLY.configuration", "status": "PASS", "evidence": {"ResponseMetadata": {"RequestId": "bc2b3f0d-e859-42ff-bc1d-bb0356a1ca66", "HTTPStatusCode": 200, "HTTPHeaders": {"date": "Tue, 29 Sep 2026 01:59:00 GMT", "content-type": "application/json", "content-length": "827", "connection": "keep-alive", "x-amzn-requestid": "bc2b3f0d-e859-42ff-bc1d-bb0356a1ca66", "x-amz-apigw-id": "EcE32EFhZPgEVMA=", "x-amzn-trace-id": "Root=1-6abb1b64-79aabece2c76a3335a969b20"}, "RetryAttempts": 0}, "gatewayArn": "arn:aws-cn:bedrock-agentcore:cn-northwest-1:209915754514:gateway/ac-cn-0929015405-nx-authenticate-only-tl4jstni62", "gatewayId": "ac-cn-0929015405-nx-authenticate-only-tl4jstni62", "gatewayUrl": "https://ac-cn-0929015405-nx-authenticate-only-tl4jstni62.gateway.bedrock-agentcore.cn-northwest-1.amazonaws.com.cn", "createdAt": "2026-09-29 01:58:57.330743+00:00", "updatedAt": "2026-09-29 01:58:58.162829+00:00", "status": "READY", "name": "ac-cn-0929015405-nx-authenticate-only", "roleArn": "arn:aws-cn:iam::209915754514:role/ac-cn-0929015405-nx-agentcore", "authorizerType": "AUTHENTICATE_ONLY", "workloadIdentityDetails": {"workloadIdentityArn": "arn:aws-cn:bedrock-agentcore:cn-northwest-1:209915754514:workload-identity-directory/default/workload-identity/ac-cn-0929015405-nx-authenticate-only-tl4jstni62"}, "exceptionLevel": "DEBUG"}}
[cn-north-1] WAIT status=READY elapsed=3.6s
[cn-north-1] START gateway.caller_iam.AUTHENTICATE_ONLY.runtime-role
[cn-northwest-1] WAIT status=CREATING elapsed=0.3s
[cn-north-1] PASS: gateway.caller_iam.AUTHENTICATE_ONLY.runtime-role
{"time": "2026-09-29T01:59:04.157868+00:00", "region": "cn-north-1", "feature": "gateway.caller_iam.AUTHENTICATE_ONLY.runtime-role", "status": "PASS", "evidence": {"status": 200, "body": "{\"sum\": 42, \"runtime\": \"gateway-fixture\", \"region\": \"cn-north-1\"}", "requestId": "92924dd4-0ab0-4baf-b65a-1920f5ea4366, 40fc27fd-3996-4123-b63b-51b2d295c553", "credentials": "AssumeRole", "inbound": "AUTHENTICATE_ONLY", "outbound": "runtime-role"}}
[cn-north-1] WAIT status=CREATING elapsed=0.3s
[cn-northwest-1] WAIT status=READY elapsed=3.7s
[cn-northwest-1] START gateway.caller_iam.AUTHENTICATE_ONLY.runtime-role
[cn-north-1] WAIT status=READY elapsed=3.6s
[cn-north-1] START gateway.caller_iam.AUTHENTICATE_ONLY.runtime-caller
[cn-northwest-1] PASS: gateway.caller_iam.AUTHENTICATE_ONLY.runtime-role
{"time": "2026-09-29T01:59:08.570054+00:00", "region": "cn-northwest-1", "feature": "gateway.caller_iam.AUTHENTICATE_ONLY.runtime-role", "status": "PASS", "evidence": {"status": 200, "body": "{\"sum\": 42, \"runtime\": \"gateway-fixture\", \"region\": \"cn-northwest-1\"}", "requestId": "dec65a18-6b3b-486a-89ed-dff759ffce1d, 1a77d580-85f9-4f9f-b847-5df94a2e29a2", "credentials": "AssumeRole", "inbound": "AUTHENTICATE_ONLY", "outbound": "runtime-role"}}
[cn-northwest-1] WAIT status=CREATING elapsed=0.3s
[cn-north-1] PASS: gateway.caller_iam.AUTHENTICATE_ONLY.runtime-caller
{"time": "2026-09-29T01:59:10.470347+00:00", "region": "cn-north-1", "feature": "gateway.caller_iam.AUTHENTICATE_ONLY.runtime-caller", "status": "PASS", "evidence": {"status": 200, "body": "{\"sum\": 42, \"runtime\": \"gateway-fixture\", \"region\": \"cn-north-1\"}", "requestId": "4c207c1a-f2ec-485e-9e05-f9c2244b2a74, 03e3ac11-f1ff-443e-99b4-dee083cb93c8", "credentials": "AssumeRole", "inbound": "AUTHENTICATE_ONLY", "outbound": "runtime-caller"}}
[cn-north-1] PASS: retest_runtime.suite
{"time": "2026-09-29T01:59:10.471442+00:00", "region": "cn-north-1", "feature": "retest_runtime.suite", "status": "PASS", "evidence": null}
[cn-northwest-1] WAIT status=READY elapsed=3.7s
[cn-northwest-1] START gateway.caller_iam.AUTHENTICATE_ONLY.runtime-caller
[cn-northwest-1] PASS: gateway.caller_iam.AUTHENTICATE_ONLY.runtime-caller
{"time": "2026-09-29T01:59:15.593359+00:00", "region": "cn-northwest-1", "feature": "gateway.caller_iam.AUTHENTICATE_ONLY.runtime-caller", "status": "PASS", "evidence": {"status": 200, "body": "{\"sum\": 42, \"runtime\": \"gateway-fixture\", \"region\": \"cn-northwest-1\"}", "requestId": "cec25052-57c5-4193-b4b1-f6e77db56194, 9776c02b-398b-4c43-90d9-25860fe327b0", "credentials": "AssumeRole", "inbound": "AUTHENTICATE_ONLY", "outbound": "runtime-caller"}}
[cn-northwest-1] PASS: retest_runtime.suite
{"time": "2026-09-29T01:59:15.594575+00:00", "region": "cn-northwest-1", "feature": "retest_runtime.suite", "status": "PASS", "evidence": null}
{"time": "2026-09-29T01:59:15.725616+00:00", "event": "start", "command": ["/home/ec2-user/agentcore/cn/.venv/bin/python", "/home/ec2-user/agentcore/cn/retest.py", "caller_baseline_tests"], "cwd": "/home/ec2-user/agentcore/cn", "profile": "china", "regions": ["cn-north-1", "cn-northwest-1"], "environment": {"RETEST_RESULTS_DIR": "/home/ec2-user/agentcore/cn/results/repro-caller-confirm-20260929", "VERIFY_RESULTS_DIR": "/home/ec2-user/agentcore/cn/results/repro-caller-confirm-20260929", "RETEST_VERBOSE": "1"}, "extraEnvironment": {}}
[cn-northwest-1] START caller_baseline_tests.suite
[cn-north-1] START caller_baseline_tests.suite
[cn-north-1] START gateway.outbound.caller_iam.direct_runtime_baseline
[cn-northwest-1] START gateway.outbound.caller_iam.direct_runtime_baseline
[cn-north-1] PASS: gateway.outbound.caller_iam.direct_runtime_baseline
{"time": "2026-09-29T01:59:20.335411+00:00", "region": "cn-north-1", "feature": "gateway.outbound.caller_iam.direct_runtime_baseline", "status": "PASS", "evidence": {"temporaryCredentialsValid": true, "body": {"sum": 42, "runtime": "gateway-fixture", "region": "cn-north-1"}, "requestId": "3fd531eb-9e73-492c-a386-b4b20ab06329"}}
[cn-northwest-1] PASS: gateway.outbound.caller_iam.direct_runtime_baseline
{"time": "2026-09-29T01:59:20.808750+00:00", "region": "cn-northwest-1", "feature": "gateway.outbound.caller_iam.direct_runtime_baseline", "status": "PASS", "evidence": {"temporaryCredentialsValid": true, "body": {"sum": 42, "runtime": "gateway-fixture", "region": "cn-northwest-1"}, "requestId": "ea005686-bfdd-417d-b2e8-8a68e5efe7ee"}}
[cn-north-1] START gateway.outbound.caller_iam.gateway_role_baseline
[cn-northwest-1] START gateway.outbound.caller_iam.gateway_role_baseline
[cn-north-1] PASS: gateway.outbound.caller_iam.gateway_role_baseline
{"time": "2026-09-29T01:59:23.990080+00:00", "region": "cn-north-1", "feature": "gateway.outbound.caller_iam.gateway_role_baseline", "status": "PASS", "evidence": {"status": 200, "body": "{\"sum\": 42, \"runtime\": \"gateway-fixture\", \"region\": \"cn-north-1\"}", "requestId": "07cb373c-900c-4abb-9615-7b8e0ea16ccc, a1a76938-80d9-4f60-be91-d8dbdb98f0ca"}}
[cn-north-1] START gateway.outbound.caller_iam
[cn-northwest-1] PASS: gateway.outbound.caller_iam.gateway_role_baseline
{"time": "2026-09-29T01:59:24.524157+00:00", "region": "cn-northwest-1", "feature": "gateway.outbound.caller_iam.gateway_role_baseline", "status": "PASS", "evidence": {"status": 200, "body": "{\"sum\": 42, \"runtime\": \"gateway-fixture\", \"region\": \"cn-northwest-1\"}", "requestId": "3704bbc0-6ba1-4813-8b6d-7db364827f7f, 6d020096-afc6-4219-ab00-5f81ec47509a"}}
[cn-northwest-1] START gateway.outbound.caller_iam
[cn-north-1] PASS: gateway.outbound.caller_iam
{"time": "2026-09-29T01:59:26.898880+00:00", "region": "cn-north-1", "feature": "gateway.outbound.caller_iam", "status": "PASS", "evidence": {"status": 200, "body": "{\"sum\": 42, \"runtime\": \"gateway-fixture\", \"region\": \"cn-north-1\"}", "requestId": "f98e5c28-3a15-4c0a-9d78-798bcdc8c5fc, 30b54a95-6b76-4594-b169-7d472b908459"}}
[cn-north-1] PASS: caller_baseline_tests.suite
{"time": "2026-09-29T01:59:26.900038+00:00", "region": "cn-north-1", "feature": "caller_baseline_tests.suite", "status": "PASS", "evidence": null}
[cn-northwest-1] PASS: gateway.outbound.caller_iam
{"time": "2026-09-29T01:59:26.957098+00:00", "region": "cn-northwest-1", "feature": "gateway.outbound.caller_iam", "status": "PASS", "evidence": {"status": 200, "body": "{\"sum\": 42, \"runtime\": \"gateway-fixture\", \"region\": \"cn-northwest-1\"}", "requestId": "5449c32d-d063-436c-9a60-1843f6c6bd14, 678c5bef-2907-4bb0-a9ba-fdfa897ea2b6"}}
[cn-northwest-1] PASS: caller_baseline_tests.suite
{"time": "2026-09-29T01:59:26.958136+00:00", "region": "cn-northwest-1", "feature": "caller_baseline_tests.suite", "status": "PASS", "evidence": null}
{"time": "2026-09-29T01:59:27.066438+00:00", "event": "start", "command": ["/home/ec2-user/agentcore/cn/.venv/bin/python", "/home/ec2-user/agentcore/cn/retest.py", "cleanup_tests"], "cwd": "/home/ec2-user/agentcore/cn", "profile": "china", "regions": ["cn-north-1", "cn-northwest-1"], "environment": {"RETEST_RESULTS_DIR": "/home/ec2-user/agentcore/cn/results/repro-caller-confirm-20260929", "VERIFY_RESULTS_DIR": "/home/ec2-user/agentcore/cn/results/repro-caller-confirm-20260929", "RETEST_VERBOSE": "1"}, "extraEnvironment": {"CLEANUP_SG_WAIT_SECONDS": "20"}}
[cn-north-1] START cleanup_tests.suite
[cn-north-1] PASS: cleanup.browser_sessions
{"time": "2026-09-29T01:59:27.991327+00:00", "region": "cn-north-1", "feature": "cleanup.browser_sessions", "status": "PASS", "evidence": []}
[cn-northwest-1] START cleanup_tests.suite
[cn-northwest-1] PASS: cleanup.browser_sessions
{"time": "2026-09-29T01:59:28.037168+00:00", "region": "cn-northwest-1", "feature": "cleanup.browser_sessions", "status": "PASS", "evidence": []}
[cn-northwest-1] PASS: cleanup.target
{"time": "2026-09-29T01:59:44.736303+00:00", "region": "cn-northwest-1", "feature": "cleanup.target", "status": "PASS", "evidence": [{"id": "AZ715PNSQB", "deleted": true, "detail": {"deleted": true}}, {"id": "ETFC6QNVRP", "deleted": true, "detail": {"deleted": true}}, {"id": "RTLEQC6UFD", "deleted": true, "detail": {"deleted": true}}, {"id": "JU12DWC9DM", "deleted": true, "detail": {"deleted": true}}]}
[cn-north-1] PASS: cleanup.target
{"time": "2026-09-29T01:59:45.392558+00:00", "region": "cn-north-1", "feature": "cleanup.target", "status": "PASS", "evidence": [{"id": "YOHNKORLHC", "deleted": true, "detail": {"deleted": true}}, {"id": "UG0AOI6UCD", "deleted": true, "detail": {"deleted": true}}, {"id": "2IDNVQBZRX", "deleted": true, "detail": {"deleted": true}}, {"id": "WYW5HZQLG2", "deleted": true, "detail": {"deleted": true}}]}
[cn-northwest-1] PASS: cleanup.gateway
{"time": "2026-09-29T01:59:48.646440+00:00", "region": "cn-northwest-1", "feature": "cleanup.gateway", "status": "PASS", "evidence": [{"id": "ac-cn-0929015405-nx-http-h5xpmtwmuf", "deleted": true, "detail": {"deleted": true}}, {"id": "ac-cn-0929015405-nx-authenticate-only-tl4jstni62", "deleted": true, "detail": {"deleted": true}}]}
[cn-north-1] PASS: cleanup.gateway
{"time": "2026-09-29T01:59:49.225230+00:00", "region": "cn-north-1", "feature": "cleanup.gateway", "status": "PASS", "evidence": [{"id": "ac-cn-0929015405-bj-http-ys9phkel49", "deleted": true, "detail": {"deleted": true}}, {"id": "ac-cn-0929015405-bj-authenticate-only-3xltvzir2w", "deleted": true, "detail": {"deleted": true}}]}
[cn-northwest-1] PASS: cleanup.runtime
{"time": "2026-09-29T01:59:52.693439+00:00", "region": "cn-northwest-1", "feature": "cleanup.runtime", "status": "PASS", "evidence": [{"id": "ac_cn_0929015405_nx-hb7Ki29LZR", "deleted": true, "detail": {"deleted": true}}]}
[cn-northwest-1] PASS: cleanup.workload
{"time": "2026-09-29T01:59:52.972937+00:00", "region": "cn-northwest-1", "feature": "cleanup.workload", "status": "PASS", "evidence": [{"id": "ac-cn-0929015405-nx-http-h5xpmtwmuf", "deleted": true, "detail": {"alreadyAbsent": true}}, {"id": "ac_cn_0929015405_nx-hb7Ki29LZR", "deleted": true, "detail": {"alreadyAbsent": true}}, {"id": "ac-cn-0929015405-nx-authenticate-only-tl4jstni62", "deleted": true, "detail": {"alreadyAbsent": true}}]}
[cn-north-1] PASS: cleanup.runtime
{"time": "2026-09-29T01:59:53.203568+00:00", "region": "cn-north-1", "feature": "cleanup.runtime", "status": "PASS", "evidence": [{"id": "ac_cn_0929015405_bj-fyqfwJ2ER2", "deleted": true, "detail": {"deleted": true}}]}
[cn-north-1] PASS: cleanup.workload
{"time": "2026-09-29T01:59:53.462559+00:00", "region": "cn-north-1", "feature": "cleanup.workload", "status": "PASS", "evidence": [{"id": "ac-cn-0929015405-bj-http-ys9phkel49", "deleted": true, "detail": {"alreadyAbsent": true}}, {"id": "ac_cn_0929015405_bj-fyqfwJ2ER2", "deleted": true, "detail": {"alreadyAbsent": true}}, {"id": "ac-cn-0929015405-bj-authenticate-only-3xltvzir2w", "deleted": true, "detail": {"alreadyAbsent": true}}]}
[cn-northwest-1] PASS: cleanup.api
{"time": "2026-09-29T01:59:56.438438+00:00", "region": "cn-northwest-1", "feature": "cleanup.api", "status": "PASS", "evidence": [{"id": "zdvkdpzwlg", "deleted": true, "detail": {"deleted": true}}]}
[cn-north-1] PASS: cleanup.api
{"time": "2026-09-29T01:59:56.846991+00:00", "region": "cn-north-1", "feature": "cleanup.api", "status": "PASS", "evidence": [{"id": "70dy8fm7ua", "deleted": true, "detail": {"deleted": true}}]}
[cn-northwest-1] PASS: cleanup.lambda
{"time": "2026-09-29T01:59:57.843415+00:00", "region": "cn-northwest-1", "feature": "cleanup.lambda", "status": "PASS", "evidence": [{"id": "ac-cn-0929015405-nx", "deleted": true, "detail": {"deleted": true}}]}
[cn-north-1] PASS: cleanup.lambda
{"time": "2026-09-29T01:59:58.035375+00:00", "region": "cn-north-1", "feature": "cleanup.lambda", "status": "PASS", "evidence": [{"id": "ac-cn-0929015405-bj", "deleted": true, "detail": {"deleted": true}}]}
[cn-north-1] PASS: cleanup.bucket
{"time": "2026-09-29T02:00:00.647876+00:00", "region": "cn-north-1", "feature": "cleanup.bucket", "status": "PASS", "evidence": [{"id": "ac-cn-0929015405-bj-209915754514", "deleted": true, "detail": {"deleted": true}}]}
[cn-north-1] PASS: cleanup.role
{"time": "2026-09-29T02:00:02.696632+00:00", "region": "cn-north-1", "feature": "cleanup.role", "status": "PASS", "evidence": [{"id": "ac-cn-0929015405-bj-lambda", "deleted": true, "detail": {"deleted": true}}, {"id": "ac-cn-0929015405-bj-agentcore", "deleted": true, "detail": {"deleted": true}}, {"id": "ac-cn-0929015405-bj-caller", "deleted": true, "detail": {"deleted": true}}]}
[cn-north-1] PASS: cleanup.inventory
{"time": "2026-09-29T02:00:03.864631+00:00", "region": "cn-north-1", "feature": "cleanup.inventory", "status": "PASS", "evidence": []}
[cn-north-1] PASS: cleanup_tests.suite
{"time": "2026-09-29T02:00:03.864768+00:00", "region": "cn-north-1", "feature": "cleanup_tests.suite", "status": "PASS", "evidence": {"remaining": []}}
[cn-northwest-1] PASS: cleanup.bucket
{"time": "2026-09-29T02:00:11.548477+00:00", "region": "cn-northwest-1", "feature": "cleanup.bucket", "status": "PASS", "evidence": [{"id": "ac-cn-0929015405-nx-209915754514", "deleted": true, "detail": {"deleted": true}}]}
[cn-northwest-1] PASS: cleanup.role
{"time": "2026-09-29T02:00:13.269552+00:00", "region": "cn-northwest-1", "feature": "cleanup.role", "status": "PASS", "evidence": [{"id": "ac-cn-0929015405-nx-lambda", "deleted": true, "detail": {"deleted": true}}, {"id": "ac-cn-0929015405-nx-agentcore", "deleted": true, "detail": {"deleted": true}}, {"id": "ac-cn-0929015405-nx-caller", "deleted": true, "detail": {"deleted": true}}]}
[cn-northwest-1] PASS: cleanup.inventory
{"time": "2026-09-29T02:00:14.566638+00:00", "region": "cn-northwest-1", "feature": "cleanup.inventory", "status": "PASS", "evidence": []}
[cn-northwest-1] PASS: cleanup_tests.suite
{"time": "2026-09-29T02:00:14.566786+00:00", "region": "cn-northwest-1", "feature": "cleanup_tests.suite", "status": "PASS", "evidence": {"remaining": []}}
{"time": "2026-09-29T02:00:14.705144+00:00", "event": "start", "command": ["/home/ec2-user/agentcore/cn/.venv/bin/python", "/home/ec2-user/agentcore/cn/retest.py", "retest_cleanup_local"], "cwd": "/home/ec2-user/agentcore/cn", "profile": "china", "regions": ["cn-north-1", "cn-northwest-1"], "environment": {"RETEST_RESULTS_DIR": "/home/ec2-user/agentcore/cn/results/repro-caller-confirm-20260929", "VERIFY_RESULTS_DIR": "/home/ec2-user/agentcore/cn/results/repro-caller-confirm-20260929", "RETEST_VERBOSE": "1"}, "extraEnvironment": {}}
[cn-north-1] START retest_cleanup_local.suite
[cn-north-1] PASS: cleanup.local_fixtures
{"time": "2026-09-29T02:00:15.636700+00:00", "region": "cn-north-1", "feature": "cleanup.local_fixtures", "status": "PASS", "evidence": {"stoppedPids": [], "generatedSecretsRemoved": true}}
[cn-north-1] PASS: retest_cleanup_local.suite
{"time": "2026-09-29T02:00:15.636834+00:00", "region": "cn-north-1", "feature": "retest_cleanup_local.suite", "status": "PASS", "evidence": null}
[cn-northwest-1] START retest_cleanup_local.suite
[cn-northwest-1] PASS: cleanup.local_fixtures
{"time": "2026-09-29T02:00:15.928752+00:00", "region": "cn-northwest-1", "feature": "cleanup.local_fixtures", "status": "PASS", "evidence": {"stoppedPids": [], "generatedSecretsRemoved": true}}
[cn-northwest-1] PASS: retest_cleanup_local.suite
{"time": "2026-09-29T02:00:15.928894+00:00", "region": "cn-northwest-1", "feature": "retest_cleanup_local.suite", "status": "PASS", "evidence": null}
{"time": "2026-09-29T02:00:16.004884+00:00", "event": "start", "command": ["/home/ec2-user/agentcore/cn/.venv/bin/python", "/home/ec2-user/agentcore/cn/verify_cleanup.py"], "cwd": "/home/ec2-user/agentcore/cn", "profile": "china", "regions": ["cn-north-1", "cn-northwest-1"], "environment": {"RETEST_RESULTS_DIR": "/home/ec2-user/agentcore/cn/results/repro-caller-confirm-20260929", "VERIFY_RESULTS_DIR": "/home/ec2-user/agentcore/cn/results/repro-caller-confirm-20260929", "RETEST_VERBOSE": "1"}, "extraEnvironment": {}}
{"region": "cn-north-1", "status": "PASS", "remaining": []}
{"region": "cn-northwest-1", "status": "PASS", "remaining": []}
